Archive member included to satisfy reference by file (symbol)

C:/ST/STM32CubeIDE_1.17.0/STM32CubeIDE/plugins/com.st.stm32cube.ide.mcu.externaltools.gnu-tools-for-stm32.12.3.rel1.win32_1.1.0.202410251130/tools/bin/../lib/gcc/arm-none-eabi/12.3.1/../../../../arm-none-eabi/lib/thumb/v7e-m+fp/hard\libc_nano.a(libc_a-exit.o)
                              C:/ST/STM32CubeIDE_1.17.0/STM32CubeIDE/plugins/com.st.stm32cube.ide.mcu.externaltools.gnu-tools-for-stm32.12.3.rel1.win32_1.1.0.202410251130/tools/bin/../lib/gcc/arm-none-eabi/12.3.1/../../../../arm-none-eabi/lib/thumb/v7e-m+fp/hard/crt0.o (exit)
C:/ST/STM32CubeIDE_1.17.0/STM32CubeIDE/plugins/com.st.stm32cube.ide.mcu.externaltools.gnu-tools-for-stm32.12.3.rel1.win32_1.1.0.202410251130/tools/bin/../lib/gcc/arm-none-eabi/12.3.1/../../../../arm-none-eabi/lib/thumb/v7e-m+fp/hard\libc_nano.a(libc_a-findfp.o)
                              C:/ST/STM32CubeIDE_1.17.0/STM32CubeIDE/plugins/com.st.stm32cube.ide.mcu.externaltools.gnu-tools-for-stm32.12.3.rel1.win32_1.1.0.202410251130/tools/bin/../lib/gcc/arm-none-eabi/12.3.1/../../../../arm-none-eabi/lib/thumb/v7e-m+fp/hard\libc_nano.a(libc_a-exit.o) (__stdio_exit_handler)
C:/ST/STM32CubeIDE_1.17.0/STM32CubeIDE/plugins/com.st.stm32cube.ide.mcu.externaltools.gnu-tools-for-stm32.12.3.rel1.win32_1.1.0.202410251130/tools/bin/../lib/gcc/arm-none-eabi/12.3.1/../../../../arm-none-eabi/lib/thumb/v7e-m+fp/hard\libc_nano.a(libc_a-fwalk.o)
                              C:/ST/STM32CubeIDE_1.17.0/STM32CubeIDE/plugins/com.st.stm32cube.ide.mcu.externaltools.gnu-tools-for-stm32.12.3.rel1.win32_1.1.0.202410251130/tools/bin/../lib/gcc/arm-none-eabi/12.3.1/../../../../arm-none-eabi/lib/thumb/v7e-m+fp/hard\libc_nano.a(libc_a-findfp.o) (_fwalk_sglue)
C:/ST/STM32CubeIDE_1.17.0/STM32CubeIDE/plugins/com.st.stm32cube.ide.mcu.externaltools.gnu-tools-for-stm32.12.3.rel1.win32_1.1.0.202410251130/tools/bin/../lib/gcc/arm-none-eabi/12.3.1/../../../../arm-none-eabi/lib/thumb/v7e-m+fp/hard\libc_nano.a(libc_a-printf.o)
                              ./Core/Src/ApplicationCode.o (printf)
C:/ST/STM32CubeIDE_1.17.0/STM32CubeIDE/plugins/com.st.stm32cube.ide.mcu.externaltools.gnu-tools-for-stm32.12.3.rel1.win32_1.1.0.202410251130/tools/bin/../lib/gcc/arm-none-eabi/12.3.1/../../../../arm-none-eabi/lib/thumb/v7e-m+fp/hard\libc_nano.a(libc_a-puts.o)
                              ./Core/Src/ApplicationCode.o (puts)
C:/ST/STM32CubeIDE_1.17.0/STM32CubeIDE/plugins/com.st.stm32cube.ide.mcu.externaltools.gnu-tools-for-stm32.12.3.rel1.win32_1.1.0.202410251130/tools/bin/../lib/gcc/arm-none-eabi/12.3.1/../../../../arm-none-eabi/lib/thumb/v7e-m+fp/hard\libc_nano.a(libc_a-stdio.o)
                              C:/ST/STM32CubeIDE_1.17.0/STM32CubeIDE/plugins/com.st.stm32cube.ide.mcu.externaltools.gnu-tools-for-stm32.12.3.rel1.win32_1.1.0.202410251130/tools/bin/../lib/gcc/arm-none-eabi/12.3.1/../../../../arm-none-eabi/lib/thumb/v7e-m+fp/hard\libc_nano.a(libc_a-findfp.o) (__sread)
C:/ST/STM32CubeIDE_1.17.0/STM32CubeIDE/plugins/com.st.stm32cube.ide.mcu.externaltools.gnu-tools-for-stm32.12.3.rel1.win32_1.1.0.202410251130/tools/bin/../lib/gcc/arm-none-eabi/12.3.1/../../../../arm-none-eabi/lib/thumb/v7e-m+fp/hard\libc_nano.a(libc_a-wbuf.o)
                              C:/ST/STM32CubeIDE_1.17.0/STM32CubeIDE/plugins/com.st.stm32cube.ide.mcu.externaltools.gnu-tools-for-stm32.12.3.rel1.win32_1.1.0.202410251130/tools/bin/../lib/gcc/arm-none-eabi/12.3.1/../../../../arm-none-eabi/lib/thumb/v7e-m+fp/hard\libc_nano.a(libc_a-puts.o) (__swbuf_r)
C:/ST/STM32CubeIDE_1.17.0/STM32CubeIDE/plugins/com.st.stm32cube.ide.mcu.externaltools.gnu-tools-for-stm32.12.3.rel1.win32_1.1.0.202410251130/tools/bin/../lib/gcc/arm-none-eabi/12.3.1/../../../../arm-none-eabi/lib/thumb/v7e-m+fp/hard\libc_nano.a(libc_a-wsetup.o)
                              C:/ST/STM32CubeIDE_1.17.0/STM32CubeIDE/plugins/com.st.stm32cube.ide.mcu.externaltools.gnu-tools-for-stm32.12.3.rel1.win32_1.1.0.202410251130/tools/bin/../lib/gcc/arm-none-eabi/12.3.1/../../../../arm-none-eabi/lib/thumb/v7e-m+fp/hard\libc_nano.a(libc_a-puts.o) (__swsetup_r)
C:/ST/STM32CubeIDE_1.17.0/STM32CubeIDE/plugins/com.st.stm32cube.ide.mcu.externaltools.gnu-tools-for-stm32.12.3.rel1.win32_1.1.0.202410251130/tools/bin/../lib/gcc/arm-none-eabi/12.3.1/../../../../arm-none-eabi/lib/thumb/v7e-m+fp/hard\libc_nano.a(libc_a-memset.o)
                              C:/ST/STM32CubeIDE_1.17.0/STM32CubeIDE/plugins/com.st.stm32cube.ide.mcu.externaltools.gnu-tools-for-stm32.12.3.rel1.win32_1.1.0.202410251130/tools/bin/../lib/gcc/arm-none-eabi/12.3.1/../../../../arm-none-eabi/lib/thumb/v7e-m+fp/hard/crt0.o (memset)
C:/ST/STM32CubeIDE_1.17.0/STM32CubeIDE/plugins/com.st.stm32cube.ide.mcu.externaltools.gnu-tools-for-stm32.12.3.rel1.win32_1.1.0.202410251130/tools/bin/../lib/gcc/arm-none-eabi/12.3.1/../../../../arm-none-eabi/lib/thumb/v7e-m+fp/hard\libc_nano.a(libc_a-closer.o)
[...]
Memory Configuration

Name             Origin             Length             Attributes
CCMRAM           0x10000000         0x00010000         xrw
RAM              0x20000000         0x00030000         xrw
FLASH            0x08000000         0x00200000         xr
*default*        0x00000000         0xffffffff

Linker script and memory map

LOAD C:/ST/STM32CubeIDE_1.17.0/STM32CubeIDE/plugins/com.st.stm32cube.ide.mcu.externaltools.gnu-tools-for-stm32.12.3.rel1.win32_1.1.0.202410251130/tools/bin/../lib/gcc/arm-none-eabi/12.3.1/thumb/v7e-m+fp/hard/crti.o
LOAD C:/ST/STM32CubeIDE_1.17.0/STM32CubeIDE/plugins/com.st.stm32cube.ide.mcu.externaltools.gnu-tools-for-stm32.12.3.rel1.win32_1.1.0.202410251130/tools/bin/../lib/gcc/arm-none-eabi/12.3.1/thumb/v7e-m+fp/hard/crtbegin.o
LOAD C:/ST/STM32CubeIDE_1.17.0/STM32CubeIDE/plugins/com.st.stm32cube.ide.mcu.externaltools.gnu-tools-for-stm32.12.3.rel1.win32_1.1.0.202410251130/tools/bin/../lib/gcc/arm-none-eabi/12.3.1/../../../../arm-none-eabi/lib/thumb/v7e-m+fp/hard/crt0.o
LOAD ./Core/Src/ApplicationCode.o
LOAD ./Core/Src/ButtonDriver.o
LOAD ./Core/Src/GyroDriver.o
LOAD ./Core/Src/LCD_Driver.o
LOAD ./Core/Src/Scheduler.o
LOAD ./Core/Src/fonts.o
LOAD ./Core/Src/ili9341.o
LOAD ./Core/Src/main.o
LOAD ./Core/Src/stm32f4xx_hal_msp.o
LOAD ./Core/Src/stm32f4xx_it.o
LOAD ./Core/Src/stmpe811.o
LOAD ./Core/Src/syscalls.o
LOAD ./Core/Src/sysmem.o
LOAD ./Core/Src/system_stm32f4xx.o
LOAD ./Core/Startup/startup_stm32f429zitx.o
LOAD ./Drivers/STM32F4xx_HAL_Driver/Src/stm32f4xx_hal.o
LOAD ./Drivers/STM32F4xx_HAL_Driver/Src/stm32f4xx_hal_cortex.o
LOAD ./Drivers/STM32F4xx_HAL_Driver/Src/stm32f4xx_hal_dma.o
LOAD ./Drivers/STM32F4xx_HAL_Driver/Src/stm32f4xx_hal_dma_ex.o
LOAD ./Drivers/STM32F4xx_HAL_Driver/Src/stm32f4xx_hal_dsi.o
LOAD ./Drivers/STM32F4xx_HAL_Driver/Src/stm32f4xx_hal_exti.o
LOAD ./Drivers/STM32F4xx_HAL_Driver/Src/stm32f4xx_hal_flash.o
LOAD ./Drivers/STM32F4xx_HAL_Driver/Src/stm32f4xx_hal_flash_ex.o
LOAD ./Drivers/STM32F4xx_HAL_Driver/Src/stm32f4xx_hal_flash_ramfunc.o
LOAD ./Drivers/STM32F4xx_HAL_Driver/Src/stm32f4xx_hal_gpio.o
LOAD ./Drivers/STM32F4xx_HAL_Driver/Src/stm32f4xx_hal_i2c.o
LOAD ./Drivers/STM32F4xx_HAL_Driver/Src/stm32f4xx_hal_i2c_ex.o
LOAD ./Drivers/STM32F4xx_HAL_Driver/Src/stm32f4xx_hal_ltdc.o
LOAD ./Drivers/STM32F4xx_HAL_Driver/Src/stm32f4xx_hal_ltdc_ex.o
LOAD ./Drivers/STM32F4xx_HAL_Driver/Src/stm32f4xx_hal_pwr.o
LOAD ./Drivers/STM32F4xx_HAL_Driver/Src/stm32f4xx_hal_pwr_ex.o
LOAD ./Drivers/STM32F4xx_HAL_Driver/Src/stm32f4xx_hal_rcc.o
LOAD ./Drivers/STM32F4xx_HAL_Driver/Src/stm32f4xx_hal_rcc_ex.o
LOAD ./Drivers/STM32F4xx_HAL_Driver/Src/stm32f4xx_hal_rng.o
LOAD ./Drivers/STM32F4xx_HAL_Driver/Src/stm32f4xx_hal_spi.o
LOAD ./Drivers/STM32F4xx_HAL_Driver/Src/stm32f4xx_hal_tim.o
LOAD ./Drivers/STM32F4xx_HAL_Driver/Src/stm32f4xx_hal_tim_ex.o
START GROUP
LOAD C:/ST/STM32CubeIDE_1.17.0/STM32CubeIDE/plugins/com.st.stm32cube.ide.mcu.externaltools.gnu-tools-for-stm32.12.3.rel1.win32_1.1.0.202410251130/tools/bin/../lib/gcc/arm-none-eabi/12.3.1/../../../../arm-none-eabi/lib/thumb/v7e-m+fp/hard\libc_nano.a
LOAD C:/ST/STM32CubeIDE_1.17.0/STM32CubeIDE/plugins/com.st.stm32cube.ide.mcu.externaltools.gnu-tools-for-stm32.12.3.rel1.win32_1.1.0.202410251130/tools/bin/../lib/gcc/arm-none-eabi/12.3.1/../../../../arm-none-eabi/lib/thumb/v7e-m+fp/hard\libm.a
END GROUP
START GROUP
LOAD C:/ST/STM32CubeIDE_1.17.0/STM32CubeIDE/plugins/com.st.stm32cube.ide.mcu.externaltools.gnu-tools-for-stm32.12.3.rel1.win32_1.1.0.202410251130/tools/bin/../lib/gcc/arm-none-eabi/12.3.1/thumb/v7e-m+fp/hard\libgcc.a
LOAD C:/ST/STM32CubeIDE_1.17.0/STM32CubeIDE/plugins/com.st.stm32cube.ide.mcu.externaltools.gnu-tools-for-stm32.12.3.rel1.win32_1.1.0.202410251130/tools/bin/../lib/gcc/arm-none-eabi/12.3.1/../../../../arm-none-eabi/lib/thumb/v7e-m+fp/hard\libc_nano.a
END GROUP
START GROUP
LOAD C:/ST/STM32CubeIDE_1.17.0/STM32CubeIDE/plugins/com.st.stm32cube.ide.mcu.externaltools.gnu-tools-for-stm32.12.3.rel1.win32_1.1.0.202410251130/tools/bin/../lib/gcc/arm-none-eabi/12.3.1/thumb/v7e-m+fp/hard\libgcc.a
LOAD C:/ST/STM32CubeIDE_1.17.0/STM32CubeIDE/plugins/com.st.stm32cube.ide.mcu.externaltools.gnu-tools-for-stm32.12.3.rel1.win32_1.1.0.202410251130/tools/bin/../lib/gcc/arm-none-eabi/12.3.1/../../../../arm-none-eabi/lib/thumb/v7e-m+fp/hard\libc_nano.a
LOAD C:/ST/STM32CubeIDE_1.17.0/STM32CubeIDE/plugins/com.st.stm32cube.ide.mcu.externaltools.gnu-tools-for-stm32.12.3.rel1.win32_1.1.0.202410251130/tools/bin/../lib/gcc/arm-none-eabi/12.3.1/../../../../arm-none-eabi/lib/thumb/v7e-m+fp/hard\libnosys.a
END GROUP
START GROUP
LOAD C:/ST/STM32CubeIDE_1.17.0/STM32CubeIDE/plugins/com.st.stm32cube.ide.mcu.externaltools.gnu-tools-for-stm32.12.3.rel1.win32_1.1.0.202410251130/tools/bin/../lib/gcc/arm-none-eabi/12.3.1/thumb/v7e-m+fp/hard\libgcc.a
LOAD C:/ST/STM32CubeIDE_1.17.0/STM32CubeIDE/plugins/com.st.stm32cube.ide.mcu.externaltools.gnu-tools-for-stm32.12.3.rel1.win32_1.1.0.202410251130/tools/bin/../lib/gcc/arm-none-eabi/12.3.1/../../../../arm-none-eabi/lib/thumb/v7e-m+fp/hard\libc_nano.a
LOAD C:/ST/STM32CubeIDE_1.17.0/STM32CubeIDE/plugins/com.st.stm32cube.ide.mcu.externaltools.gnu-tools-for-stm32.12.3.rel1.win32_1.1.0.202410251130/tools/bin/../lib/gcc/arm-none-eabi/12.3.1/../../../../arm-none-eabi/lib/thumb/v7e-m+fp/hard\libnosys.a
END GROUP
LOAD C:/ST/STM32CubeIDE_1.17.0/STM32CubeIDE/plugins/com.st.stm32cube.ide.mcu.externaltools.gnu-tools-for-stm32.12.3.rel1.win32_1.1.0.202410251130/tools/bin/../lib/gcc/arm-none-eabi/12.3.1/thumb/v7e-m+fp/hard/crtend.o
LOAD C:/ST/STM32CubeIDE_1.17.0/STM32CubeIDE/plugins/com.st.stm32cube.ide.mcu.externaltools.gnu-tools-for-stm32.12.3.rel1.win32_1.1.0.202410251130/tools/bin/../lib/gcc/arm-none-eabi/12.3.1/thumb/v7e-m+fp/hard/crtn.o
                0x20030000                        _estack = (ORIGIN (RAM) + LENGTH (RAM))
                0x00000200                        _Min_Heap_Size = 0x200
                0x00000400                        _Min_Stack_Size = 0x400

.isr_vector     0x08000000      0x1ac
                0x08000000                        . = ALIGN (0x4)
 *(.isr_vector)
 .isr_vector    0x08000000      0x1ac ./Core/Startup/startup_stm32f429zitx.o
                0x08000000                g_pfnVectors
                0x080001ac                        . = ALIGN (0x4)

.text           0x080001b0     0x732c
                0x080001b0                        . = ALIGN (0x4)
 *(.text)
 .text          0x080001b0       0x40 C:/ST/STM32CubeIDE_1.17.0/STM32CubeIDE/plugins/com.st.stm32cube.ide.mcu.externaltools.gnu-tools-for-stm32.12.3.rel1.win32_1.1.0.202410251130/tools/bin/../lib/gcc/arm-none-eabi/12.3.1/thumb/v7e-m+fp/hard/crtbegin.o
 .text          0x080001f0       0xa0 C:/ST/STM32CubeIDE_1.17.0/STM32CubeIDE/plugins/com.st.stm32cube.ide.mcu.externaltools.gnu-tools-for-stm32.12.3.rel1.win32_1.1.0.202410251130/tools/bin/../lib/gcc/arm-none-eabi/12.3.1/../../../../arm-none-eabi/lib/thumb/v7e-m+fp/hard\libc_nano.a(libc_a-memchr.o)
                0x080001f0                memchr
 .text          0x08000290       0x30 C:/ST/STM32CubeIDE_1.17.0/STM32CubeIDE/plugins/com.st.stm32cube.ide.mcu.externaltools.gnu-tools-for-stm32.12.3.rel1.win32_1.1.0.202410251130/tools/bin/../lib/gcc/arm-none-eabi/12.3.1/thumb/v7e-m+fp/hard\libgcc.a(_aeabi_uldivmod.o)
                0x08000290                __aeabi_uldivmod
 .text          0x080002c0      0x2bc C:/ST/STM32CubeIDE_1.17.0/STM32CubeIDE/plugins/com.st.stm32cube.ide.mcu.externaltools.gnu-tools-for-stm32.12.3.rel1.win32_1.1.0.202410251130/tools/bin/../lib/gcc/arm-none-eabi/12.3.1/thumb/v7e-m+fp/hard\libgcc.a(_udivmoddi4.o)
                0x080002c0                __udivmoddi4
 .text          0x0800057c        0x4 C:/ST/STM32CubeIDE_1.17.0/STM32CubeIDE/plugins/com.st.stm32cube.ide.mcu.externaltools.gnu-tools-for-stm32.12.3.rel1.win32_1.1.0.202410251130/tools/bin/../lib/gcc/arm-none-eabi/12.3.1/thumb/v7e-m+fp/hard\libgcc.a(_dvmd_tls.o)
                0x0800057c                __aeabi_idiv0
                0x0800057c                __aeabi_ldiv0
 *(.text*)
 .text.ApplicationInit
                0x08000580       0x30 ./Core/Src/ApplicationCode.o
                0x08000580                ApplicationInit
 .text.LCD_Visual_Demo
                0x080005b0        0xc ./Core/Src/ApplicationCode.o
                0x080005b0                LCD_Visual_Demo
 .text.LCD_Touch_Polling_Demo
                0x080005bc       0xbc ./Core/Src/ApplicationCode.o
                0x080005bc                LCD_Touch_Polling_Demo
 .text.LCD_Gameplay
                0x08000678      0x110 ./Core/Src/ApplicationCode.o
                0x08000678                LCD_Gameplay
 .text.PLAYER_PiecePlacement
                0x08000788      0x188 ./Core/Src/ApplicationCode.o
                0x08000788                PLAYER_PiecePlacement
 .text.GAME_MatrixHandling
                0x08000910       0xf8 ./Core/Src/ApplicationCode.o
                0x08000910                GAME_MatrixHandling
 .text.LCD_PieceMovement
                0x08000a08       0xd8 ./Core/Src/ApplicationCode.o
                0x08000a08                LCD_PieceMovement
 .text.EXTI0_IRQHandler
                0x08000ae0       0x18 ./Core/Src/ApplicationCode.o
                0x08000ae0                EXTI0_IRQHandler
 .text.InitButtonInterrupts
                0x08000af8       0x7c ./Core/Src/ButtonDriver.o
                0x08000af8                InitButtonInterrupts
 .text.LCD_GPIO_Init
                0x08000b74      0x190 ./Core/Src/LCD_Driver.o
                0x08000b74                LCD_GPIO_Init
 .text.LTCD_Layer_Init
                0x08000d04       0x80 ./Core/Src/LCD_Driver.o
                0x08000d04                LTCD_Layer_Init
 .text.LTCD__Init
                0x08000d84       0xbc ./Core/Src/LCD_Driver.o
                0x08000d84                LTCD__Init
 .text.LCD_Draw_Pixel
                0x08000e40       0x3c ./Core/Src/LCD_Driver.o
                0x08000e40                LCD_Draw_Pixel
 .text.LCD_Draw_Circle_Fill
                0x08000e7c       0xa6 ./Core/Src/LCD_Driver.o
                0x08000e7c                LCD_Draw_Circle_Fill
 .text.LCD_Draw_Vertical_Line
                0x08000f22       0x4e ./Core/Src/LCD_Driver.o
                0x08000f22                LCD_Draw_Vertical_Line
 .text.LCD_Draw_Horizontal_Line
                0x08000f70       0x4e ./Core/Src/LCD_Driver.o
                0x08000f70                LCD_Draw_Horizontal_Line
 *fill*         0x08000fbe        0x2 
 .text.LCD_Clear
                0x08000fc0       0x44 ./Core/Src/LCD_Driver.o
                0x08000fc0                LCD_Clear
 .text.LCD_SetTextColor
                0x08001004       0x20 ./Core/Src/LCD_Driver.o
                0x08001004                LCD_SetTextColor
 .text.LCD_SetFont
                0x08001024       0x20 ./Core/Src/LCD_Driver.o
                0x08001024                LCD_SetFont
 .text.LCD_Draw_Char
                0x08001044       0xdc ./Core/Src/LCD_Driver.o
                0x08001044                LCD_Draw_Char
 .text.LCD_DisplayChar
                0x08001120       0x44 ./Core/Src/LCD_Driver.o
                0x08001120                LCD_DisplayChar
 .text.visualDemo
                0x08001164      0x158 ./Core/Src/LCD_Driver.o
                0x08001164                visualDemo
 .text.LCD_Error_Handler
                0x080012bc        0xc ./Core/Src/LCD_Driver.o
                0x080012bc                LCD_Error_Handler
 .text.InitializeLCDTouch
                0x080012c8       0x16 ./Core/Src/LCD_Driver.o
                0x080012c8                InitializeLCDTouch
 .text.returnTouchStateAndLocation
                0x080012de       0x18 ./Core/Src/LCD_Driver.o
                0x080012de                returnTouchStateAndLocation
 .text.ili9341_Init
                0x080012f6      0x294 ./Core/Src/ili9341.o
                0x080012f6                ili9341_Init
 .text.ili9341_Write_Reg
                0x0800158a       0x1a ./Core/Src/ili9341.o
                0x0800158a                ili9341_Write_Reg
 .text.ili9341_Send_Data
                0x080015a4       0x1a ./Core/Src/ili9341.o
                0x080015a4                ili9341_Send_Data
 *fill*         0x080015be        0x2 
 .text.SPI_Init
                0x080015c0       0x74 ./Core/Src/ili9341.o
 .text.SPI_Write
                0x08001634       0x3c ./Core/Src/ili9341.o
 .text.SPI_Error
                0x08001670       0x18 ./Core/Src/ili9341.o
 .text.SPI_MspInit
                0x08001688       0x74 ./Core/Src/ili9341.o
 .text.LCD_IO_Init
                0x080016fc       0xf0 ./Core/Src/ili9341.o
                0x080016fc                LCD_IO_Init
 .text.LCD_IO_WriteData
                0x080017ec       0x44 ./Core/Src/ili9341.o
                0x080017ec                LCD_IO_WriteData
 .text.LCD_IO_WriteReg
                0x08001830       0x44 ./Core/Src/ili9341.o
                0x08001830                LCD_IO_WriteReg
 .text.LCD_Delay
                0x08001874       0x16 ./Core/Src/ili9341.o
                0x08001874                LCD_Delay
 .text.main     0x0800188a       0x3c ./Core/Src/main.o
                0x0800188a                main
 *fill*         0x080018c6        0x2 
 .text.SystemClock_Config
                0x080018c8       0xd4 ./Core/Src/main.o
                0x080018c8                SystemClock_Config
 .text.MX_I2C3_Init
                0x0800199c       0x80 ./Core/Src/main.o
 .text.MX_LTDC_Init
                0x08001a1c      0x164 ./Core/Src/main.o
 .text.MX_RNG_Init
                0x08001b80       0x28 ./Core/Src/main.o
 .text.MX_SPI5_Init
                0x08001ba8       0x6c ./Core/Src/main.o
 .text.MX_TIM2_Init
                0x08001c14       0x98 ./Core/Src/main.o
 .text.MX_GPIO_Init
                0x08001cac      0x35c ./Core/Src/main.o
 .text.Error_Handler
                0x08002008        0xc ./Core/Src/main.o
                0x08002008                Error_Handler
 .text.HAL_MspInit
                0x08002014       0x50 ./Core/Src/stm32f4xx_hal_msp.o
                0x08002014                HAL_MspInit
 .text.HAL_I2C_MspInit
                0x08002064       0xd4 ./Core/Src/stm32f4xx_hal_msp.o
                0x08002064                HAL_I2C_MspInit
 .text.HAL_LTDC_MspInit
                0x08002138      0x250 ./Core/Src/stm32f4xx_hal_msp.o
                0x08002138                HAL_LTDC_MspInit
 .text.HAL_RNG_MspInit
                0x08002388       0x44 ./Core/Src/stm32f4xx_hal_msp.o
                0x08002388                HAL_RNG_MspInit
 .text.HAL_SPI_MspInit
                0x080023cc       0x90 ./Core/Src/stm32f4xx_hal_msp.o
                0x080023cc                HAL_SPI_MspInit
 .text.HAL_SPI_MspDeInit
                0x0800245c       0x3c ./Core/Src/stm32f4xx_hal_msp.o
                0x0800245c                HAL_SPI_MspDeInit
 .text.HAL_TIM_Base_MspInit
                0x08002498       0x40 ./Core/Src/stm32f4xx_hal_msp.o
                0x08002498                HAL_TIM_Base_MspInit
 .text.NMI_Handler
                0x080024d8        0x8 ./Core/Src/stm32f4xx_it.o
                0x080024d8                NMI_Handler
 .text.HardFault_Handler
                0x080024e0        0x8 ./Core/Src/stm32f4xx_it.o
                0x080024e0                HardFault_Handler
 .text.MemManage_Handler
                0x080024e8        0x8 ./Core/Src/stm32f4xx_it.o
                0x080024e8                MemManage_Handler
 .text.BusFault_Handler
                0x080024f0        0x8 ./Core/Src/stm32f4xx_it.o
                0x080024f0                BusFault_Handler
 .text.UsageFault_Handler
                0x080024f8        0x8 ./Core/Src/stm32f4xx_it.o
                0x080024f8                UsageFault_Handler
 .text.SVC_Handler
                0x08002500        0xe ./Core/Src/stm32f4xx_it.o
                0x08002500                SVC_Handler
 .text.DebugMon_Handler
                0x0800250e        0xe ./Core/Src/stm32f4xx_it.o
                0x0800250e                DebugMon_Handler
 .text.PendSV_Handler
                0x0800251c        0xe ./Core/Src/stm32f4xx_it.o
                0x0800251c                PendSV_Handler
 .text.SysTick_Handler
                0x0800252a        0xc ./Core/Src/stm32f4xx_it.o
                0x0800252a                SysTick_Handler
 .text.STMPE811_Init
                0x08002536      0x14e ./Core/Src/stmpe811.o
                0x08002536                STMPE811_Init
 .text.STMPE811_Read
                0x08002684       0x22 ./Core/Src/stmpe811.o
                0x08002684                STMPE811_Read
 .text.STMPE811_ReadTouch
                0x080026a6      0x198 ./Core/Src/stmpe811.o
                0x080026a6                STMPE811_ReadTouch
 *fill*         0x0800283e        0x2 
 .text.verifyHAL_I2C_IS_OKAY
                0x08002840       0x20 ./Core/Src/stmpe811.o
                0x08002840                verifyHAL_I2C_IS_OKAY
 .text.I2C3_Init
                0x08002860       0x7c ./Core/Src/stmpe811.o
 .text.I2C3_MspInit
                0x080028dc       0xa8 ./Core/Src/stmpe811.o
 .text.I2C3_Write
                0x08002984       0x54 ./Core/Src/stmpe811.o
                0x08002984                I2C3_Write
 .text.I2C3_Read
                0x080029d8       0x4c ./Core/Src/stmpe811.o
                0x080029d8                I2C3_Read
 .text.I2C3_MulitByteRead
                0x08002a24       0x44 ./Core/Src/stmpe811.o
                0x08002a24                I2C3_MulitByteRead
 .text.TM_STMPE811_ReadX
                0x08002a68       0xbc ./Core/Src/stmpe811.o
                0x08002a68                TM_STMPE811_ReadX
 .text.TM_STMPE811_ReadY
                0x08002b24       0xa4 ./Core/Src/stmpe811.o
                0x08002b24                TM_STMPE811_ReadY
 .text.initialise_monitor_handles
                0x08002bc8        0xe ./Core/Src/syscalls.o
                0x08002bc8                initialise_monitor_handles
 .text._read    0x08002bd6       0x3a ./Core/Src/syscalls.o
                0x08002bd6                _read
 .text._write   0x08002c10       0x38 ./Core/Src/syscalls.o
                0x08002c10                _write
 .text._close   0x08002c48       0x18 ./Core/Src/syscalls.o
                0x08002c48                _close
 .text._fstat   0x08002c60       0x20 ./Core/Src/syscalls.o
                0x08002c60                _fstat
 .text._isatty  0x08002c80       0x16 ./Core/Src/syscalls.o
                0x08002c80                _isatty
 .text._lseek   0x08002c96       0x1a ./Core/Src/syscalls.o
                0x08002c96                _lseek
 .text._sbrk    0x08002cb0       0x6c ./Core/Src/sysmem.o
                0x08002cb0                _sbrk
 .text.SystemInit
                0x08002d1c       0x24 ./Core/Src/system_stm32f4xx.o
                0x08002d1c                SystemInit
 .text.Reset_Handler
                0x08002d40       0x50 ./Core/Startup/startup_stm32f429zitx.o
                0x08002d40                Reset_Handler
 .text.Default_Handler
                0x08002d90        0x2 ./Core/Startup/startup_stm32f429zitx.o
                0x08002d90                RTC_Alarm_IRQHandler
                0x08002d90                HASH_RNG_IRQHandler
                0x08002d90                EXTI2_IRQHandler
                0x08002d90                TIM8_CC_IRQHandler
                0x08002d90                UART8_IRQHandler
                0x08002d90                SPI4_IRQHandler
                0x08002d90                TIM1_CC_IRQHandler
                0x08002d90                DMA2_Stream5_IRQHandler
                0x08002d90                DMA1_Stream5_IRQHandler
                0x08002d90                PVD_IRQHandler
                0x08002d90                SDIO_IRQHandler
                0x08002d90                TAMP_STAMP_IRQHandler
                0x08002d90                CAN2_RX1_IRQHandler
                0x08002d90                EXTI3_IRQHandler
                0x08002d90                TIM8_TRG_COM_TIM14_IRQHandler
                0x08002d90                TIM1_UP_TIM10_IRQHandler
                0x08002d90                TIM8_UP_TIM13_IRQHandler
                0x08002d90                I2C3_ER_IRQHandler
                0x08002d90                I2C2_EV_IRQHandler
                0x08002d90                DMA1_Stream2_IRQHandler
                0x08002d90                CAN1_RX0_IRQHandler
                0x08002d90                FPU_IRQHandler
                0x08002d90                OTG_HS_WKUP_IRQHandler
                0x08002d90                LTDC_ER_IRQHandler
                0x08002d90                CAN2_SCE_IRQHandler
                0x08002d90                DMA2_Stream2_IRQHandler
                0x08002d90                SPI1_IRQHandler
                0x08002d90                TIM6_DAC_IRQHandler
                0x08002d90                TIM1_BRK_TIM9_IRQHandler
                0x08002d90                DCMI_IRQHandler
                0x08002d90                CAN2_RX0_IRQHandler
                0x08002d90                DMA2_Stream3_IRQHandler
                0x08002d90                USART6_IRQHandler
                0x08002d90                USART3_IRQHandler
                0x08002d90                CAN1_RX1_IRQHandler
                0x08002d90                UART5_IRQHandler
                0x08002d90                DMA2_Stream0_IRQHandler
                0x08002d90                TIM4_IRQHandler
                0x08002d90                I2C1_EV_IRQHandler
                0x08002d90                DMA1_Stream6_IRQHandler
                0x08002d90                DMA1_Stream1_IRQHandler
                0x08002d90                UART4_IRQHandler
                0x08002d90                TIM3_IRQHandler
                0x08002d90                RCC_IRQHandler
                0x08002d90                TIM8_BRK_TIM12_IRQHandler
                0x08002d90                Default_Handler
                0x08002d90                EXTI15_10_IRQHandler
                0x08002d90                ADC_IRQHandler
                0x08002d90                DMA1_Stream7_IRQHandler
                0x08002d90                SPI5_IRQHandler
                0x08002d90                TIM7_IRQHandler
                0x08002d90                CAN2_TX_IRQHandler
                0x08002d90                TIM5_IRQHandler
                0x08002d90                DMA2_Stream7_IRQHandler
                0x08002d90                I2C3_EV_IRQHandler
                0x08002d90                EXTI9_5_IRQHandler
                0x08002d90                RTC_WKUP_IRQHandler
                0x08002d90                LTDC_IRQHandler
                0x08002d90                ETH_WKUP_IRQHandler
                0x08002d90                SPI2_IRQHandler
                0x08002d90                OTG_HS_EP1_IN_IRQHandler
                0x08002d90                DMA1_Stream0_IRQHandler
                0x08002d90                CAN1_TX_IRQHandler
                0x08002d90                EXTI4_IRQHandler
                0x08002d90                ETH_IRQHandler
                0x08002d90                OTG_HS_EP1_OUT_IRQHandler
                0x08002d90                WWDG_IRQHandler
                0x08002d90                SPI6_IRQHandler
                0x08002d90                TIM2_IRQHandler
                0x08002d90                OTG_FS_WKUP_IRQHandler
                0x08002d90                TIM1_TRG_COM_TIM11_IRQHandler
                0x08002d90                OTG_HS_IRQHandler
                0x08002d90                DMA2D_IRQHandler
                0x08002d90                EXTI1_IRQHandler
                0x08002d90                UART7_IRQHandler
                0x08002d90                USART2_IRQHandler
                0x08002d90                I2C2_ER_IRQHandler
                0x08002d90                DMA2_Stream1_IRQHandler
                0x08002d90                CAN1_SCE_IRQHandler
                0x08002d90                FLASH_IRQHandler
                0x08002d90                DMA2_Stream4_IRQHandler
                0x08002d90                USART1_IRQHandler
                0x08002d90                OTG_FS_IRQHandler
                0x08002d90                SPI3_IRQHandler
                0x08002d90                DMA1_Stream4_IRQHandler
                0x08002d90                I2C1_ER_IRQHandler
                0x08002d90                FMC_IRQHandler
                0x08002d90                DMA2_Stream6_IRQHandler
                0x08002d90                SAI1_IRQHandler
                0x08002d90                DMA1_Stream3_IRQHandler
 *fill*         0x08002d92        0x2 
 .text.HAL_Init
                0x08002d94       0x44 ./Drivers/STM32F4xx_HAL_Driver/Src/stm32f4xx_hal.o
                0x08002d94                HAL_Init
 .text.HAL_InitTick
                0x08002dd8       0x60 ./Drivers/STM32F4xx_HAL_Driver/Src/stm32f4xx_hal.o
                0x08002dd8                HAL_InitTick
 .text.HAL_IncTick
                0x08002e38       0x28 ./Drivers/STM32F4xx_HAL_Driver/Src/stm32f4xx_hal.o
                0x08002e38                HAL_IncTick
 .text.HAL_GetTick
                0x08002e60       0x18 ./Drivers/STM32F4xx_HAL_Driver/Src/stm32f4xx_hal.o
                0x08002e60                HAL_GetTick
 .text.HAL_Delay
                0x08002e78       0x48 ./Drivers/STM32F4xx_HAL_Driver/Src/stm32f4xx_hal.o
                0x08002e78                HAL_Delay
 .text.__NVIC_SetPriorityGrouping
                0x08002ec0       0x48 ./Drivers/STM32F4xx_HAL_Driver/Src/stm32f4xx_hal_cortex.o
 .text.__NVIC_GetPriorityGrouping
                0x08002f08       0x1c ./Drivers/STM32F4xx_HAL_Driver/Src/stm32f4xx_hal_cortex.o
 .text.__NVIC_EnableIRQ
                0x08002f24       0x3c ./Drivers/STM32F4xx_HAL_Driver/Src/stm32f4xx_hal_cortex.o
 .text.__NVIC_SetPriority
                0x08002f60       0x54 ./Drivers/STM32F4xx_HAL_Driver/Src/stm32f4xx_hal_cortex.o
 .text.NVIC_EncodePriority
                0x08002fb4       0x66 ./Drivers/STM32F4xx_HAL_Driver/Src/stm32f4xx_hal_cortex.o
 *fill*         0x0800301a        0x2 
 .text.SysTick_Config
                0x0800301c       0x44 ./Drivers/STM32F4xx_HAL_Driver/Src/stm32f4xx_hal_cortex.o
 .text.HAL_NVIC_SetPriorityGrouping
                0x08003060       0x16 ./Drivers/STM32F4xx_HAL_Driver/Src/stm32f4xx_hal_cortex.o
                0x08003060                HAL_NVIC_SetPriorityGrouping
 .text.HAL_NVIC_SetPriority
                0x08003076       0x38 ./Drivers/STM32F4xx_HAL_Driver/Src/stm32f4xx_hal_cortex.o
                0x08003076                HAL_NVIC_SetPriority
 .text.HAL_NVIC_EnableIRQ
                0x080030ae       0x1c ./Drivers/STM32F4xx_HAL_Driver/Src/stm32f4xx_hal_cortex.o
                0x080030ae                HAL_NVIC_EnableIRQ
 .text.HAL_SYSTICK_Config
                0x080030ca       0x18 ./Drivers/STM32F4xx_HAL_Driver/Src/stm32f4xx_hal_cortex.o
                0x080030ca                HAL_SYSTICK_Config
 *fill*         0x080030e2        0x2 
 .text.HAL_GPIO_Init
                0x080030e4      0x358 ./Drivers/STM32F4xx_HAL_Driver/Src/stm32f4xx_hal_gpio.o
                0x080030e4                HAL_GPIO_Init
 .text.HAL_GPIO_DeInit
                0x0800343c      0x218 ./Drivers/STM32F4xx_HAL_Driver/Src/stm32f4xx_hal_gpio.o
                0x0800343c                HAL_GPIO_DeInit
 .text.HAL_GPIO_WritePin
                0x08003654       0x32 ./Drivers/STM32F4xx_HAL_Driver/Src/stm32f4xx_hal_gpio.o
                0x08003654                HAL_GPIO_WritePin
 *fill*         0x08003686        0x2 
 .text.HAL_GPIO_EXTI_IRQHandler
                0x08003688       0x30 ./Drivers/STM32F4xx_HAL_Driver/Src/stm32f4xx_hal_gpio.o
                0x08003688                HAL_GPIO_EXTI_IRQHandler
 .text.HAL_GPIO_EXTI_Callback
                0x080036b8       0x16 ./Drivers/STM32F4xx_HAL_Driver/Src/stm32f4xx_hal_gpio.o
                0x080036b8                HAL_GPIO_EXTI_Callback
 *fill*         0x080036ce        0x2 
 .text.HAL_I2C_Init
                0x080036d0      0x288 ./Drivers/STM32F4xx_HAL_Driver/Src/stm32f4xx_hal_i2c.o
                0x080036d0                HAL_I2C_Init
 .text.HAL_I2C_Mem_Write
                0x08003958      0x1f4 ./Drivers/STM32F4xx_HAL_Driver/Src/stm32f4xx_hal_i2c.o
                0x08003958                HAL_I2C_Mem_Write
 .text.HAL_I2C_Mem_Read
                0x08003b4c      0x464 ./Drivers/STM32F4xx_HAL_Driver/Src/stm32f4xx_hal_i2c.o
                0x08003b4c                HAL_I2C_Mem_Read
 .text.I2C_RequestMemoryWrite
                0x08003fb0      0x12c ./Drivers/STM32F4xx_HAL_Driver/Src/stm32f4xx_hal_i2c.o
 .text.I2C_RequestMemoryRead
                0x080040dc      0x1d0 ./Drivers/STM32F4xx_HAL_Driver/Src/stm32f4xx_hal_i2c.o
 .text.I2C_WaitOnFlagUntilTimeout
                0x080042ac       0xf4 ./Drivers/STM32F4xx_HAL_Driver/Src/stm32f4xx_hal_i2c.o
 .text.I2C_WaitOnMasterAddressFlagUntilTimeout
                0x080043a0      0x140 ./Drivers/STM32F4xx_HAL_Driver/Src/stm32f4xx_hal_i2c.o
 .text.I2C_WaitOnTXEFlagUntilTimeout
                0x080044e0       0x90 ./Drivers/STM32F4xx_HAL_Driver/Src/stm32f4xx_hal_i2c.o
 .text.I2C_WaitOnBTFFlagUntilTimeout
                0x08004570       0x90 ./Drivers/STM32F4xx_HAL_Driver/Src/stm32f4xx_hal_i2c.o
 .text.I2C_WaitOnRXNEFlagUntilTimeout
                0x08004600       0xba ./Drivers/STM32F4xx_HAL_Driver/Src/stm32f4xx_hal_i2c.o
 .text.I2C_IsAcknowledgeFailed
                0x080046ba       0x5e ./Drivers/STM32F4xx_HAL_Driver/Src/stm32f4xx_hal_i2c.o
 .text.HAL_I2CEx_ConfigAnalogFilter
                0x08004718       0x78 ./Drivers/STM32F4xx_HAL_Driver/Src/stm32f4xx_hal_i2c_ex.o
                0x08004718                HAL_I2CEx_ConfigAnalogFilter
 .text.HAL_I2CEx_ConfigDigitalFilter
                0x08004790       0x7e ./Drivers/STM32F4xx_HAL_Driver/Src/stm32f4xx_hal_i2c_ex.o
                0x08004790                HAL_I2CEx_ConfigDigitalFilter
 *fill*         0x0800480e        0x2 
 .text.HAL_LTDC_Init
                0x08004810      0x1a0 ./Drivers/STM32F4xx_HAL_Driver/Src/stm32f4xx_hal_ltdc.o
                0x08004810                HAL_LTDC_Init
 .text.HAL_LTDC_ConfigLayer
                0x080049b0       0x7c ./Drivers/STM32F4xx_HAL_Driver/Src/stm32f4xx_hal_ltdc.o
                0x080049b0                HAL_LTDC_ConfigLayer
 .text.LTDC_SetConfig
                0x08004a2c      0x32e ./Drivers/STM32F4xx_HAL_Driver/Src/stm32f4xx_hal_ltdc.o
 *fill*         0x08004d5a        0x2 
 .text.HAL_RCC_OscConfig
                0x08004d5c      0x4f0 ./Drivers/STM32F4xx_HAL_Driver/Src/stm32f4xx_hal_rcc.o
                0x08004d5c                HAL_RCC_OscConfig
 .text.HAL_RCC_ClockConfig
                0x0800524c      0x1cc ./Drivers/STM32F4xx_HAL_Driver/Src/stm32f4xx_hal_rcc.o
                0x0800524c                HAL_RCC_ClockConfig
 .text.HAL_RCC_GetSysClockFreq
                0x08005418      0x20c ./Drivers/STM32F4xx_HAL_Driver/Src/stm32f4xx_hal_rcc.o
                0x08005418                HAL_RCC_GetSysClockFreq
 .text.HAL_RCC_GetHCLKFreq
                0x08005624       0x18 ./Drivers/STM32F4xx_HAL_Driver/Src/stm32f4xx_hal_rcc.o
                0x08005624                HAL_RCC_GetHCLKFreq
 .text.HAL_RCC_GetPCLK1Freq
                0x0800563c       0x28 ./Drivers/STM32F4xx_HAL_Driver/Src/stm32f4xx_hal_rcc.o
                0x0800563c                HAL_RCC_GetPCLK1Freq
 .text.HAL_RCCEx_PeriphCLKConfig
                0x08005664      0x380 ./Drivers/STM32F4xx_HAL_Driver/Src/stm32f4xx_hal_rcc_ex.o
                0x08005664                HAL_RCCEx_PeriphCLKConfig
 .text.HAL_RNG_Init
                0x080059e4       0x54 ./Drivers/STM32F4xx_HAL_Driver/Src/stm32f4xx_hal_rng.o
                0x080059e4                HAL_RNG_Init
 .text.HAL_SPI_Init
                0x08005a38      0x112 ./Drivers/STM32F4xx_HAL_Driver/Src/stm32f4xx_hal_spi.o
                0x08005a38                HAL_SPI_Init
 .text.HAL_SPI_DeInit
                0x08005b4a       0x50 ./Drivers/STM32F4xx_HAL_Driver/Src/stm32f4xx_hal_spi.o
                0x08005b4a                HAL_SPI_DeInit
 .text.HAL_SPI_Transmit
                0x08005b9a      0x288 ./Drivers/STM32F4xx_HAL_Driver/Src/stm32f4xx_hal_spi.o
                0x08005b9a                HAL_SPI_Transmit
 .text.HAL_SPI_GetState
                0x08005e22       0x1c ./Drivers/STM32F4xx_HAL_Driver/Src/stm32f4xx_hal_spi.o
                0x08005e22                HAL_SPI_GetState
 *fill*         0x08005e3e        0x2 
 .text.SPI_WaitFlagStateUntilTimeout
                0x08005e40      0x110 ./Drivers/STM32F4xx_HAL_Driver/Src/stm32f4xx_hal_spi.o
 .text.SPI_EndRxTxTransaction
                0x08005f50       0xa8 ./Drivers/STM32F4xx_HAL_Driver/Src/stm32f4xx_hal_spi.o
 .text.HAL_TIM_Base_Init
                0x08005ff8       0x9e ./Drivers/STM32F4xx_HAL_Driver/Src/stm32f4xx_hal_tim.o
                0x08005ff8                HAL_TIM_Base_Init
 .text.HAL_TIM_ConfigClockSource
                0x08006096      0x18e ./Drivers/STM32F4xx_HAL_Driver/Src/stm32f4xx_hal_tim.o
                0x08006096                HAL_TIM_ConfigClockSource
 .text.TIM_Base_SetConfig
                0x08006224      0x158 ./Drivers/STM32F4xx_HAL_Driver/Src/stm32f4xx_hal_tim.o
                0x08006224                TIM_Base_SetConfig
 .text.TIM_TI1_ConfigInputStage
                0x0800637c       0x5e ./Drivers/STM32F4xx_HAL_Driver/Src/stm32f4xx_hal_tim.o
 .text.TIM_TI2_ConfigInputStage
                0x080063da       0x60 ./Drivers/STM32F4xx_HAL_Driver/Src/stm32f4xx_hal_tim.o
 .text.TIM_ITRx_SetConfig
                0x0800643a       0x36 ./Drivers/STM32F4xx_HAL_Driver/Src/stm32f4xx_hal_tim.o
 .text.TIM_ETR_SetConfig
                0x08006470       0x40 ./Drivers/STM32F4xx_HAL_Driver/Src/stm32f4xx_hal_tim.o
                0x08006470                TIM_ETR_SetConfig
 .text.HAL_TIMEx_MasterConfigSynchronization
                0x080064b0       0xf8 ./Drivers/STM32F4xx_HAL_Driver/Src/stm32f4xx_hal_tim_ex.o
                0x080064b0                HAL_TIMEx_MasterConfigSynchronization
 .text.std      0x080065a8       0x6c C:/ST/STM32CubeIDE_1.17.0/STM32CubeIDE/plugins/com.st.stm32cube.ide.mcu.externaltools.gnu-tools-for-stm32.12.3.rel1.win32_1.1.0.202410251130/tools/bin/../lib/gcc/arm-none-eabi/12.3.1/../../../../arm-none-eabi/lib/thumb/v7e-m+fp/hard\libc_nano.a(libc_a-findfp.o)
 .text.stdio_exit_handler
                0x08006614       0x18 C:/ST/STM32CubeIDE_1.17.0/STM32CubeIDE/plugins/com.st.stm32cube.ide.mcu.externaltools.gnu-tools-for-stm32.12.3.rel1.win32_1.1.0.202410251130/tools/bin/../lib/gcc/arm-none-eabi/12.3.1/../../../../arm-none-eabi/lib/thumb/v7e-m+fp/hard\libc_nano.a(libc_a-findfp.o)
 .text.cleanup_stdio
                0x0800662c       0x40 C:/ST/STM32CubeIDE_1.17.0/STM32CubeIDE/plugins/com.st.stm32cube.ide.mcu.externaltools.gnu-tools-for-stm32.12.3.rel1.win32_1.1.0.202410251130/tools/bin/../lib/gcc/arm-none-eabi/12.3.1/../../../../arm-none-eabi/lib/thumb/v7e-m+fp/hard\libc_nano.a(libc_a-findfp.o)
 .text.global_stdio_init.part.0
                0x0800666c       0x3c C:/ST/STM32CubeIDE_1.17.0/STM32CubeIDE/plugins/com.st.stm32cube.ide.mcu.externaltools.gnu-tools-for-stm32.12.3.rel1.win32_1.1.0.202410251130/tools/bin/../lib/gcc/arm-none-eabi/12.3.1/../../../../arm-none-eabi/lib/thumb/v7e-m+fp/hard\libc_nano.a(libc_a-findfp.o)
 .text.__sfp_lock_acquire
                0x080066a8        0xc C:/ST/STM32CubeIDE_1.17.0/STM32CubeIDE/plugins/com.st.stm32cube.ide.mcu.externaltools.gnu-tools-for-stm32.12.3.rel1.win32_1.1.0.202410251130/tools/bin/../lib/gcc/arm-none-eabi/12.3.1/../../../../arm-none-eabi/lib/thumb/v7e-m+fp/hard\libc_nano.a(libc_a-findfp.o)
                0x080066a8                __sfp_lock_acquire
 .text.__sfp_lock_release
                0x080066b4        0xc C:/ST/STM32CubeIDE_1.17.0/STM32CubeIDE/plugins/com.st.stm32cube.ide.mcu.externaltools.gnu-tools-for-stm32.12.3.rel1.win32_1.1.0.202410251130/tools/bin/../lib/gcc/arm-none-eabi/12.3.1/../../../../arm-none-eabi/lib/thumb/v7e-m+fp/hard\libc_nano.a(libc_a-findfp.o)
                0x080066b4                __sfp_lock_release
 .text.__sinit  0x080066c0       0x30 C:/ST/STM32CubeIDE_1.17.0/STM32CubeIDE/plugins/com.st.stm32cube.ide.mcu.externaltools.gnu-tools-for-stm32.12.3.rel1.win32_1.1.0.202410251130/tools/bin/../lib/gcc/arm-none-eabi/12.3.1/../../../../arm-none-eabi/lib/thumb/v7e-m+fp/hard\libc_nano.a(libc_a-findfp.o)
                0x080066c0                __sinit
 .text._fwalk_sglue
                0x080066f0       0x3c C:/ST/STM32CubeIDE_1.17.0/STM32CubeIDE/plugins/com.st.stm32cube.ide.mcu.externaltools.gnu-tools-for-stm32.12.3.rel1.win32_1.1.0.202410251130/tools/bin/../lib/gcc/arm-none-eabi/12.3.1/../../../../arm-none-eabi/lib/thumb/v7e-m+fp/hard\libc_nano.a(libc_a-fwalk.o)
                0x080066f0                _fwalk_sglue
 .text.printf   0x0800672c       0x24 C:/ST/STM32CubeIDE_1.17.0/STM32CubeIDE/plugins/com.st.stm32cube.ide.mcu.externaltools.gnu-tools-for-stm32.12.3.rel1.win32_1.1.0.202410251130/tools/bin/../lib/gcc/arm-none-eabi/12.3.1/../../../../arm-none-eabi/lib/thumb/v7e-m+fp/hard\libc_nano.a(libc_a-printf.o)
                0x0800672c                iprintf
                0x0800672c                printf
 .text._puts_r  0x08006750       0xaa C:/ST/STM32CubeIDE_1.17.0/STM32CubeIDE/plugins/com.st.stm32cube.ide.mcu.externaltools.gnu-tools-for-stm32.12.3.rel1.win32_1.1.0.202410251130/tools/bin/../lib/gcc/arm-none-eabi/12.3.1/../../../../arm-none-eabi/lib/thumb/v7e-m+fp/hard\libc_nano.a(libc_a-puts.o)
                0x08006750                _puts_r
 *fill*         0x080067fa        0x2 
 .text.puts     0x080067fc       0x10 C:/ST/STM32CubeIDE_1.17.0/STM32CubeIDE/plugins/com.st.stm32cube.ide.mcu.externaltools.gnu-tools-for-stm32.12.3.rel1.win32_1.1.0.202410251130/tools/bin/../lib/gcc/arm-none-eabi/12.3.1/../../../../arm-none-eabi/lib/thumb/v7e-m+fp/hard\libc_nano.a(libc_a-puts.o)
                0x080067fc                puts
 .text.__sread  0x0800680c       0x22 C:/ST/STM32CubeIDE_1.17.0/STM32CubeIDE/plugins/com.st.stm32cube.ide.mcu.externaltools.gnu-tools-for-stm32.12.3.rel1.win32_1.1.0.202410251130/tools/bin/../lib/gcc/arm-none-eabi/12.3.1/../../../../arm-none-eabi/lib/thumb/v7e-m+fp/hard\libc_nano.a(libc_a-stdio.o)
                0x0800680c                __sread
 .text.__swrite
                0x0800682e       0x38 C:/ST/STM32CubeIDE_1.17.0/STM32CubeIDE/plugins/com.st.stm32cube.ide.mcu.externaltools.gnu-tools-for-stm32.12.3.rel1.win32_1.1.0.202410251130/tools/bin/../lib/gcc/arm-none-eabi/12.3.1/../../../../arm-none-eabi/lib/thumb/v7e-m+fp/hard\libc_nano.a(libc_a-stdio.o)
                0x0800682e                __swrite
 .text.__sseek  0x08006866       0x24 C:/ST/STM32CubeIDE_1.17.0/STM32CubeIDE/plugins/com.st.stm32cube.ide.mcu.externaltools.gnu-tools-for-stm32.12.3.rel1.win32_1.1.0.202410251130/tools/bin/../lib/gcc/arm-none-eabi/12.3.1/../../../../arm-none-eabi/lib/thumb/v7e-m+fp/hard\libc_nano.a(libc_a-stdio.o)
                0x08006866                __sseek
 .text.__sclose
                0x0800688a        0x8 C:/ST/STM32CubeIDE_1.17.0/STM32CubeIDE/plugins/com.st.stm32cube.ide.mcu.externaltools.gnu-tools-for-stm32.12.3.rel1.win32_1.1.0.202410251130/tools/bin/../lib/gcc/arm-none-eabi/12.3.1/../../../../arm-none-eabi/lib/thumb/v7e-m+fp/hard\libc_nano.a(libc_a-stdio.o)
                0x0800688a                __sclose
 .text.__swbuf_r
                0x08006892       0x7c C:/ST/STM32CubeIDE_1.17.0/STM32CubeIDE/plugins/com.st.stm32cube.ide.mcu.externaltools.gnu-tools-for-stm32.12.3.rel1.win32_1.1.0.202410251130/tools/bin/../lib/gcc/arm-none-eabi/12.3.1/../../../../arm-none-eabi/lib/thumb/v7e-m+fp/hard\libc_nano.a(libc_a-wbuf.o)
                0x08006892                __swbuf_r
 *fill*         0x0800690e        0x2 
 .text.__swsetup_r
                0x08006910       0xac C:/ST/STM32CubeIDE_1.17.0/STM32CubeIDE/plugins/com.st.stm32cube.ide.mcu.externaltools.gnu-tools-for-stm32.12.3.rel1.win32_1.1.0.202410251130/tools/bin/../lib/gcc/arm-none-eabi/12.3.1/../../../../arm-none-eabi/lib/thumb/v7e-m+fp/hard\libc_nano.a(libc_a-wsetup.o)
                0x08006910                __swsetup_r
 .text.memset   0x080069bc       0x10 C:/ST/STM32CubeIDE_1.17.0/STM32CubeIDE/plugins/com.st.stm32cube.ide.mcu.externaltools.gnu-tools-for-stm32.12.3.rel1.win32_1.1.0.202410251130/tools/bin/../lib/gcc/arm-none-eabi/12.3.1/../../../../arm-none-eabi/lib/thumb/v7e-m+fp/hard\libc_nano.a(libc_a-memset.o)
                0x080069bc                memset
 .text._close_r
                0x080069cc       0x20 C:/ST/STM32CubeIDE_1.17.0/STM32CubeIDE/plugins/com.st.stm32cube.ide.mcu.externaltools.gnu-tools-for-stm32.12.3.rel1.win32_1.1.0.202410251130/tools/bin/../lib/gcc/arm-none-eabi/12.3.1/../../../../arm-none-eabi/lib/thumb/v7e-m+fp/hard\libc_nano.a(libc_a-closer.o)
                0x080069cc                _close_r
 .text._lseek_r
                0x080069ec       0x24 C:/ST/STM32CubeIDE_1.17.0/STM32CubeIDE/plugins/com.st.stm32cube.ide.mcu.externaltools.gnu-tools-for-stm32.12.3.rel1.win32_1.1.0.202410251130/tools/bin/../lib/gcc/arm-none-eabi/12.3.1/../../../../arm-none-eabi/lib/thumb/v7e-m+fp/hard\libc_nano.a(libc_a-lseekr.o)
                0x080069ec                _lseek_r
 .text._read_r  0x08006a10       0x24 C:/ST/STM32CubeIDE_1.17.0/STM32CubeIDE/plugins/com.st.stm32cube.ide.mcu.externaltools.gnu-tools-for-stm32.12.3.rel1.win32_1.1.0.202410251130/tools/bin/../lib/gcc/arm-none-eabi/12.3.1/../../../../arm-none-eabi/lib/thumb/v7e-m+fp/hard\libc_nano.a(libc_a-readr.o)
                0x08006a10                _read_r
 .text._write_r
                0x08006a34       0x24 C:/ST/STM32CubeIDE_1.17.0/STM32CubeIDE/plugins/com.st.stm32cube.ide.mcu.externaltools.gnu-tools-for-stm32.12.3.rel1.win32_1.1.0.202410251130/tools/bin/../lib/gcc/arm-none-eabi/12.3.1/../../../../arm-none-eabi/lib/thumb/v7e-m+fp/hard\libc_nano.a(libc_a-writer.o)
                0x08006a34                _write_r
 .text.__errno  0x08006a58        0xc C:/ST/STM32CubeIDE_1.17.0/STM32CubeIDE/plugins/com.st.stm32cube.ide.mcu.externaltools.gnu-tools-for-stm32.12.3.rel1.win32_1.1.0.202410251130/tools/bin/../lib/gcc/arm-none-eabi/12.3.1/../../../../arm-none-eabi/lib/thumb/v7e-m+fp/hard\libc_nano.a(libc_a-errno.o)
                0x08006a58                __errno
 .text.__libc_init_array
                0x08006a64       0x48 C:/ST/STM32CubeIDE_1.17.0/STM32CubeIDE/plugins/com.st.stm32cube.ide.mcu.externaltools.gnu-tools-for-stm32.12.3.rel1.win32_1.1.0.202410251130/tools/bin/../lib/gcc/arm-none-eabi/12.3.1/../../../../arm-none-eabi/lib/thumb/v7e-m+fp/hard\libc_nano.a(libc_a-init.o)
                0x08006a64                __libc_init_array
 .text.__retarget_lock_init_recursive
                0x08006aac        0x2 C:/ST/STM32CubeIDE_1.17.0/STM32CubeIDE/plugins/com.st.stm32cube.ide.mcu.externaltools.gnu-tools-for-stm32.12.3.rel1.win32_1.1.0.202410251130/tools/bin/../lib/gcc/arm-none-eabi/12.3.1/../../../../arm-none-eabi/lib/thumb/v7e-m+fp/hard\libc_nano.a(libc_a-lock.o)
                0x08006aac                __retarget_lock_init_recursive
 .text.__retarget_lock_acquire_recursive
                0x08006aae        0x2 C:/ST/STM32CubeIDE_1.17.0/STM32CubeIDE/plugins/com.st.stm32cube.ide.mcu.externaltools.gnu-tools-for-stm32.12.3.rel1.win32_1.1.0.202410251130/tools/bin/../lib/gcc/arm-none-eabi/12.3.1/../../../../arm-none-eabi/lib/thumb/v7e-m+fp/hard\libc_nano.a(libc_a-lock.o)
                0x08006aae                __retarget_lock_acquire_recursive
 .text.__retarget_lock_release_recursive
                0x08006ab0        0x2 C:/ST/STM32CubeIDE_1.17.0/STM32CubeIDE/plugins/com.st.stm32cube.ide.mcu.externaltools.gnu-tools-for-stm32.12.3.rel1.win32_1.1.0.202410251130/tools/bin/../lib/gcc/arm-none-eabi/12.3.1/../../../../arm-none-eabi/lib/thumb/v7e-m+fp/hard\libc_nano.a(libc_a-lock.o)
                0x08006ab0                __retarget_lock_release_recursive
 *fill*         0x08006ab2        0x2 
 .text._free_r  0x08006ab4       0x94 C:/ST/STM32CubeIDE_1.17.0/STM32CubeIDE/plugins/com.st.stm32cube.ide.mcu.externaltools.gnu-tools-for-stm32.12.3.rel1.win32_1.1.0.202410251130/tools/bin/../lib/gcc/arm-none-eabi/12.3.1/../../../../arm-none-eabi/lib/thumb/v7e-m+fp/hard\libc_nano.a(libc_a-freer.o)
                0x08006ab4                _free_r
 .text.sbrk_aligned
                0x08006b48       0x44 C:/ST/STM32CubeIDE_1.17.0/STM32CubeIDE/plugins/com.st.stm32cube.ide.mcu.externaltools.gnu-tools-for-stm32.12.3.rel1.win32_1.1.0.202410251130/tools/bin/../lib/gcc/arm-none-eabi/12.3.1/../../../../arm-none-eabi/lib/thumb/v7e-m+fp/hard\libc_nano.a(libc_a-mallocr.o)
 .text._malloc_r
                0x08006b8c      0x100 C:/ST/STM32CubeIDE_1.17.0/STM32CubeIDE/plugins/com.st.stm32cube.ide.mcu.externaltools.gnu-tools-for-stm32.12.3.rel1.win32_1.1.0.202410251130/tools/bin/../lib/gcc/arm-none-eabi/12.3.1/../../../../arm-none-eabi/lib/thumb/v7e-m+fp/hard\libc_nano.a(libc_a-mallocr.o)
                0x08006b8c                _malloc_r
 .text.__malloc_lock
                0x08006c8c        0xc C:/ST/STM32CubeIDE_1.17.0/STM32CubeIDE/plugins/com.st.stm32cube.ide.mcu.externaltools.gnu-tools-for-stm32.12.3.rel1.win32_1.1.0.202410251130/tools/bin/../lib/gcc/arm-none-eabi/12.3.1/../../../../arm-none-eabi/lib/thumb/v7e-m+fp/hard\libc_nano.a(libc_a-mlock.o)
                0x08006c8c                __malloc_lock
 .text.__malloc_unlock
                0x08006c98        0xc C:/ST/STM32CubeIDE_1.17.0/STM32CubeIDE/plugins/com.st.stm32cube.ide.mcu.externaltools.gnu-tools-for-stm32.12.3.rel1.win32_1.1.0.202410251130/tools/bin/../lib/gcc/arm-none-eabi/12.3.1/../../../../arm-none-eabi/lib/thumb/v7e-m+fp/hard\libc_nano.a(libc_a-mlock.o)
                0x08006c98                __malloc_unlock
 .text.__sfputc_r
                0x08006ca4       0x2e C:/ST/STM32CubeIDE_1.17.0/STM32CubeIDE/plugins/com.st.stm32cube.ide.mcu.externaltools.gnu-tools-for-stm32.12.3.rel1.win32_1.1.0.202410251130/tools/bin/../lib/gcc/arm-none-eabi/12.3.1/../../../../arm-none-eabi/lib/thumb/v7e-m+fp/hard\libc_nano.a(libc_a-nano-vfprintf.o)
 .text.__sfputs_r
                0x08006cd2       0x24 C:/ST/STM32CubeIDE_1.17.0/STM32CubeIDE/plugins/com.st.stm32cube.ide.mcu.externaltools.gnu-tools-for-stm32.12.3.rel1.win32_1.1.0.202410251130/tools/bin/../lib/gcc/arm-none-eabi/12.3.1/../../../../arm-none-eabi/lib/thumb/v7e-m+fp/hard\libc_nano.a(libc_a-nano-vfprintf.o)
                0x08006cd2                __sfputs_r
 *fill*         0x08006cf6        0x2 
 .text._vfprintf_r
                0x08006cf8      0x230 C:/ST/STM32CubeIDE_1.17.0/STM32CubeIDE/plugins/com.st.stm32cube.ide.mcu.externaltools.gnu-tools-for-stm32.12.3.rel1.win32_1.1.0.202410251130/tools/bin/../lib/gcc/arm-none-eabi/12.3.1/../../../../arm-none-eabi/lib/thumb/v7e-m+fp/hard\libc_nano.a(libc_a-nano-vfprintf.o)
                0x08006cf8                _vfprintf_r
                0x08006cf8                _vfiprintf_r
 .text._printf_common
                0x08006f28       0xda C:/ST/STM32CubeIDE_1.17.0/STM32CubeIDE/plugins/com.st.stm32cube.ide.mcu.externaltools.gnu-tools-for-stm32.12.3.rel1.win32_1.1.0.202410251130/tools/bin/../lib/gcc/arm-none-eabi/12.3.1/../../../../arm-none-eabi/lib/thumb/v7e-m+fp/hard\libc_nano.a(libc_a-nano-vfprintf_i.o)
                0x08006f28                _printf_common
 *fill*         0x08007002        0x2 
 .text._printf_i
                0x08007004      0x240 C:/ST/STM32CubeIDE_1.17.0/STM32CubeIDE/plugins/com.st.stm32cube.ide.mcu.externaltools.gnu-tools-for-stm32.12.3.rel1.win32_1.1.0.202410251130/tools/bin/../lib/gcc/arm-none-eabi/12.3.1/../../../../arm-none-eabi/lib/thumb/v7e-m+fp/hard\libc_nano.a(libc_a-nano-vfprintf_i.o)
                0x08007004                _printf_i
 .text.__sflush_r
                0x08007244      0x108 C:/ST/STM32CubeIDE_1.17.0/STM32CubeIDE/plugins/com.st.stm32cube.ide.mcu.externaltools.gnu-tools-for-stm32.12.3.rel1.win32_1.1.0.202410251130/tools/bin/../lib/gcc/arm-none-eabi/12.3.1/../../../../arm-none-eabi/lib/thumb/v7e-m+fp/hard\libc_nano.a(libc_a-fflush.o)
                0x08007244                __sflush_r
 .text._fflush_r
                0x0800734c       0x50 C:/ST/STM32CubeIDE_1.17.0/STM32CubeIDE/plugins/com.st.stm32cube.ide.mcu.externaltools.gnu-tools-for-stm32.12.3.rel1.win32_1.1.0.202410251130/tools/bin/../lib/gcc/arm-none-eabi/12.3.1/../../../../arm-none-eabi/lib/thumb/v7e-m+fp/hard\libc_nano.a(libc_a-fflush.o)
                0x0800734c                _fflush_r
 .text.__swhatbuf_r
                0x0800739c       0x4c C:/ST/STM32CubeIDE_1.17.0/STM32CubeIDE/plugins/com.st.stm32cube.ide.mcu.externaltools.gnu-tools-for-stm32.12.3.rel1.win32_1.1.0.202410251130/tools/bin/../lib/gcc/arm-none-eabi/12.3.1/../../../../arm-none-eabi/lib/thumb/v7e-m+fp/hard\libc_nano.a(libc_a-makebuf.o)
                0x0800739c                __swhatbuf_r
 .text.__smakebuf_r
                0x080073e8       0x78 C:/ST/STM32CubeIDE_1.17.0/STM32CubeIDE/plugins/com.st.stm32cube.ide.mcu.externaltools.gnu-tools-for-stm32.12.3.rel1.win32_1.1.0.202410251130/tools/bin/../lib/gcc/arm-none-eabi/12.3.1/../../../../arm-none-eabi/lib/thumb/v7e-m+fp/hard\libc_nano.a(libc_a-makebuf.o)
                0x080073e8                __smakebuf_r
 .text._fstat_r
                0x08007460       0x24 C:/ST/STM32CubeIDE_1.17.0/STM32CubeIDE/plugins/com.st.stm32cube.ide.mcu.externaltools.gnu-tools-for-stm32.12.3.rel1.win32_1.1.0.202410251130/tools/bin/../lib/gcc/arm-none-eabi/12.3.1/../../../../arm-none-eabi/lib/thumb/v7e-m+fp/hard\libc_nano.a(libc_a-fstatr.o)
                0x08007460                _fstat_r
 .text._isatty_r
                0x08007484       0x20 C:/ST/STM32CubeIDE_1.17.0/STM32CubeIDE/plugins/com.st.stm32cube.ide.mcu.externaltools.gnu-tools-for-stm32.12.3.rel1.win32_1.1.0.202410251130/tools/bin/../lib/gcc/arm-none-eabi/12.3.1/../../../../arm-none-eabi/lib/thumb/v7e-m+fp/hard\libc_nano.a(libc_a-isattyr.o)
                0x08007484                _isatty_r
 .text._sbrk_r  0x080074a4       0x20 C:/ST/STM32CubeIDE_1.17.0/STM32CubeIDE/plugins/com.st.stm32cube.ide.mcu.externaltools.gnu-tools-for-stm32.12.3.rel1.win32_1.1.0.202410251130/tools/bin/../lib/gcc/arm-none-eabi/12.3.1/../../../../arm-none-eabi/lib/thumb/v7e-m+fp/hard\libc_nano.a(libc_a-sbrkr.o)
                0x080074a4                _sbrk_r
 *(.glue_7)
 .glue_7        0x080074c4        0x0 linker stubs
 *(.glue_7t)
 .glue_7t       0x080074c4        0x0 linker stubs
 *(.eh_frame)
 .eh_frame      0x080074c4        0x0 C:/ST/STM32CubeIDE_1.17.0/STM32CubeIDE/plugins/com.st.stm32cube.ide.mcu.externaltools.gnu-tools-for-stm32.12.3.rel1.win32_1.1.0.202410251130/tools/bin/../lib/gcc/arm-none-eabi/12.3.1/thumb/v7e-m+fp/hard/crtbegin.o
 *(.init)
 .init          0x080074c4        0x4 C:/ST/STM32CubeIDE_1.17.0/STM32CubeIDE/plugins/com.st.stm32cube.ide.mcu.externaltools.gnu-tools-for-stm32.12.3.rel1.win32_1.1.0.202410251130/tools/bin/../lib/gcc/arm-none-eabi/12.3.1/thumb/v7e-m+fp/hard/crti.o
                0x080074c4                _init
 .init          0x080074c8        0x8 C:/ST/STM32CubeIDE_1.17.0/STM32CubeIDE/plugins/com.st.stm32cube.ide.mcu.externaltools.gnu-tools-for-stm32.12.3.rel1.win32_1.1.0.202410251130/tools/bin/../lib/gcc/arm-none-eabi/12.3.1/thumb/v7e-m+fp/hard/crtn.o
 *(.fini)
 .fini          0x080074d0        0x4 C:/ST/STM32CubeIDE_1.17.0/STM32CubeIDE/plugins/com.st.stm32cube.ide.mcu.externaltools.gnu-tools-for-stm32.12.3.rel1.win32_1.1.0.202410251130/tools/bin/../lib/gcc/arm-none-eabi/12.3.1/thumb/v7e-m+fp/hard/crti.o
                0x080074d0                _fini
 .fini          0x080074d4        0x8 C:/ST/STM32CubeIDE_1.17.0/STM32CubeIDE/plugins/com.st.stm32cube.ide.mcu.externaltools.gnu-tools-for-stm32.12.3.rel1.win32_1.1.0.202410251130/tools/bin/../lib/gcc/arm-none-eabi/12.3.1/thumb/v7e-m+fp/hard/crtn.o
                0x080074dc                        . = ALIGN (0x4)
                0x080074dc                        _etext = .

.vfp11_veneer   0x080074dc        0x0
 .vfp11_veneer  0x080074dc        0x0 linker stubs

.v4_bx          0x080074dc        0x0
 .v4_bx         0x080074dc        0x0 linker stubs

.iplt           0x080074dc        0x0
 .iplt          0x080074dc        0x0 C:/ST/STM32CubeIDE_1.17.0/STM32CubeIDE/plugins/com.st.stm32cube.ide.mcu.externaltools.gnu-tools-for-stm32.12.3.rel1.win32_1.1.0.202410251130/tools/bin/../lib/gcc/arm-none-eabi/12.3.1/thumb/v7e-m+fp/hard/crtbegin.o

.rodata         0x080074dc     0x1248
                0x080074dc                        . = ALIGN (0x4)
 *(.rodata)
 .rodata        0x080074dc       0x29 ./Core/Src/ApplicationCode.o
 *(.rodata*)
 *fill*         0x08007505        0x3 
 .rodata.ASCII16x24_Table
                0x08007508     0x11d0 ./Core/Src/fonts.o
                0x08007508                ASCII16x24_Table
 .rodata.AHBPrescTable
                0x080086d8       0x10 ./Core/Src/system_stm32f4xx.o
                0x080086d8                AHBPrescTable
 .rodata.APBPrescTable
                0x080086e8        0x8 ./Core/Src/system_stm32f4xx.o
                0x080086e8                APBPrescTable
 .rodata._vfprintf_r.str1.1
                0x080086f0       0x11 C:/ST/STM32CubeIDE_1.17.0/STM32CubeIDE/plugins/com.st.stm32cube.ide.mcu.externaltools.gnu-tools-for-stm32.12.3.rel1.win32_1.1.0.202410251130/tools/bin/../lib/gcc/arm-none-eabi/12.3.1/../../../../arm-none-eabi/lib/thumb/v7e-m+fp/hard\libc_nano.a(libc_a-nano-vfprintf.o)
 .rodata._printf_i.str1.1
                0x08008701       0x22 C:/ST/STM32CubeIDE_1.17.0/STM32CubeIDE/plugins/com.st.stm32cube.ide.mcu.externaltools.gnu-tools-for-stm32.12.3.rel1.win32_1.1.0.202410251130/tools/bin/../lib/gcc/arm-none-eabi/12.3.1/../../../../arm-none-eabi/lib/thumb/v7e-m+fp/hard\libc_nano.a(libc_a-nano-vfprintf_i.o)
                0x08008724                        . = ALIGN (0x4)
 *fill*         0x08008723        0x1 

.ARM.extab      0x08008724        0x0
                0x08008724                        . = ALIGN (0x4)
 *(.ARM.extab* .gnu.linkonce.armextab.*)
                0x08008724                        . = ALIGN (0x4)

.ARM            0x08008724        0x8
                0x08008724                        . = ALIGN (0x4)
                0x08008724                        __exidx_start = .
 *(.ARM.exidx*)
 .ARM.exidx     0x08008724        0x8 C:/ST/STM32CubeIDE_1.17.0/STM32CubeIDE/plugins/com.st.stm32cube.ide.mcu.externaltools.gnu-tools-for-stm32.12.3.rel1.win32_1.1.0.202410251130/tools/bin/../lib/gcc/arm-none-eabi/12.3.1/../../../../arm-none-eabi/lib/thumb/v7e-m+fp/hard\libc_nano.a(libc_a-memchr.o)
 .ARM.exidx     0x0800872c        0x0 C:/ST/STM32CubeIDE_1.17.0/STM32CubeIDE/plugins/com.st.stm32cube.ide.mcu.externaltools.gnu-tools-for-stm32.12.3.rel1.win32_1.1.0.202410251130/tools/bin/../lib/gcc/arm-none-eabi/12.3.1/thumb/v7e-m+fp/hard\libgcc.a(_udivmoddi4.o)
                                  0x8 (size before relaxing)
                0x0800872c                        __exidx_end = .
                0x0800872c                        . = ALIGN (0x4)

.preinit_array  0x0800872c        0x0
                0x0800872c                        . = ALIGN (0x4)
                0x0800872c                        PROVIDE (__preinit_array_start = .)
 *(.preinit_array*)
                0x0800872c                        PROVIDE (__preinit_array_end = .)
                0x0800872c                        . = ALIGN (0x4)

.init_array     0x0800872c        0x4
                0x0800872c                        . = ALIGN (0x4)
                0x0800872c                        PROVIDE (__init_array_start = .)
 *(SORT_BY_NAME(.init_array.*))
 *(.init_array*)
 .init_array    0x0800872c        0x4 C:/ST/STM32CubeIDE_1.17.0/STM32CubeIDE/plugins/com.st.stm32cube.ide.mcu.externaltools.gnu-tools-for-stm32.12.3.rel1.win32_1.1.0.202410251130/tools/bin/../lib/gcc/arm-none-eabi/12.3.1/thumb/v7e-m+fp/hard/crtbegin.o
                0x08008730                        PROVIDE (__init_array_end = .)
                0x08008730                        . = ALIGN (0x4)

.fini_array     0x08008730        0x4
                0x08008730                        . = ALIGN (0x4)
                [!provide]                        PROVIDE (__fini_array_start = .)
 *(SORT_BY_NAME(.fini_array.*))
 *(.fini_array*)
 .fini_array    0x08008730        0x4 C:/ST/STM32CubeIDE_1.17.0/STM32CubeIDE/plugins/com.st.stm32cube.ide.mcu.externaltools.gnu-tools-for-stm32.12.3.rel1.win32_1.1.0.202410251130/tools/bin/../lib/gcc/arm-none-eabi/12.3.1/thumb/v7e-m+fp/hard/crtbegin.o
                [!provide]                        PROVIDE (__fini_array_end = .)
                0x08008734                        . = ALIGN (0x4)
                0x08008734                        _sidata = LOADADDR (.data)

.rel.dyn        0x08008734        0x0
 .rel.iplt      0x08008734        0x0 C:/ST/STM32CubeIDE_1.17.0/STM32CubeIDE/plugins/com.st.stm32cube.ide.mcu.externaltools.gnu-tools-for-stm32.12.3.rel1.win32_1.1.0.202410251130/tools/bin/../lib/gcc/arm-none-eabi/12.3.1/thumb/v7e-m+fp/hard/crtbegin.o

.data           0x20000000       0x78 load address 0x08008734
                0x20000000                        . = ALIGN (0x4)
                0x20000000                        _sdata = .
 *(.data)
 *(.data*)
 .data.PlayerOneChoice
                0x20000000        0x1 ./Core/Src/ApplicationCode.o
 .data.current_position
                0x20000001        0x1 ./Core/Src/ApplicationCode.o
 .data.CurrentTextColor
                0x20000002        0x2 ./Core/Src/LCD_Driver.o
 .data.Font16x24
                0x20000004        0x8 ./Core/Src/fonts.o
                0x20000004                Font16x24
 .data.SpiTimeout
                0x2000000c        0x4 ./Core/Src/ili9341.o
                0x2000000c                SpiTimeout
 .data.SystemCoreClock
                0x20000010        0x4 ./Core/Src/system_stm32f4xx.o
                0x20000010                SystemCoreClock
 .data.uwTickPrio
                0x20000014        0x4 ./Drivers/STM32F4xx_HAL_Driver/Src/stm32f4xx_hal.o
                0x20000014                uwTickPrio
 .data.uwTickFreq
                0x20000018        0x1 ./Drivers/STM32F4xx_HAL_Driver/Src/stm32f4xx_hal.o
                0x20000018                uwTickFreq
 *fill*         0x20000019        0x3 
 .data.__sglue  0x2000001c        0xc C:/ST/STM32CubeIDE_1.17.0/STM32CubeIDE/plugins/com.st.stm32cube.ide.mcu.externaltools.gnu-tools-for-stm32.12.3.rel1.win32_1.1.0.202410251130/tools/bin/../lib/gcc/arm-none-eabi/12.3.1/../../../../arm-none-eabi/lib/thumb/v7e-m+fp/hard\libc_nano.a(libc_a-findfp.o)
                0x2000001c                __sglue
 .data._impure_ptr
                0x20000028        0x4 C:/ST/STM32CubeIDE_1.17.0/STM32CubeIDE/plugins/com.st.stm32cube.ide.mcu.externaltools.gnu-tools-for-stm32.12.3.rel1.win32_1.1.0.202410251130/tools/bin/../lib/gcc/arm-none-eabi/12.3.1/../../../../arm-none-eabi/lib/thumb/v7e-m+fp/hard\libc_nano.a(libc_a-impure.o)
                0x20000028                _impure_ptr
 .data._impure_data
                0x2000002c       0x4c C:/ST/STM32CubeIDE_1.17.0/STM32CubeIDE/plugins/com.st.stm32cube.ide.mcu.externaltools.gnu-tools-for-stm32.12.3.rel1.win32_1.1.0.202410251130/tools/bin/../lib/gcc/arm-none-eabi/12.3.1/../../../../arm-none-eabi/lib/thumb/v7e-m+fp/hard\libc_nano.a(libc_a-impure.o)
                0x2000002c                _impure_data
 *(.RamFunc)
 *(.RamFunc*)
                0x20000078                        . = ALIGN (0x4)
                0x20000078                        _edata = .
                0x080087ac                        _siccmram = LOADADDR (.ccmram)

.igot.plt       0x20000078        0x0 load address 0x080087ac
 .igot.plt      0x20000078        0x0 C:/ST/STM32CubeIDE_1.17.0/STM32CubeIDE/plugins/com.st.stm32cube.ide.mcu.externaltools.gnu-tools-for-stm32.12.3.rel1.win32_1.1.0.202410251130/tools/bin/../lib/gcc/arm-none-eabi/12.3.1/thumb/v7e-m+fp/hard/crtbegin.o

.ccmram         0x10000000        0x0 load address 0x080087ac
                0x10000000                        . = ALIGN (0x4)
                0x10000000                        _sccmram = .
 *(.ccmram)
 *(.ccmram*)
                0x10000000                        . = ALIGN (0x4)
                0x10000000                        _eccmram = .
                0x10000000                        . = ALIGN (0x4)

.bss            0x20000078    0x25ce4
                0x20000078                        _sbss = .
                0x20000078                        __bss_start__ = _sbss
 *(.bss)
 .bss           0x20000078       0x1c C:/ST/STM32CubeIDE_1.17.0/STM32CubeIDE/plugins/com.st.stm32cube.ide.mcu.externaltools.gnu-tools-for-stm32.12.3.rel1.win32_1.1.0.202410251130/tools/bin/../lib/gcc/arm-none-eabi/12.3.1/thumb/v7e-m+fp/hard/crtbegin.o
 *(.bss*)
 .bss.StaticTouchData
                0x20000094        0x8 ./Core/Src/ApplicationCode.o
 .bss.InterruptPress
                0x2000009c        0x1 ./Core/Src/ApplicationCode.o
 .bss.new_position
                0x2000009d        0x1 ./Core/Src/ApplicationCode.o
 .bss.previous_position
                0x2000009e        0x1 ./Core/Src/ApplicationCode.o
 *fill*         0x2000009f        0x1 
 .bss.game_board
                0x200000a0       0x2a ./Core/Src/ApplicationCode.o
 *fill*         0x200000ca        0x2 
 .bss.hltdc     0x200000cc       0xa8 ./Core/Src/LCD_Driver.o
 .bss.PeriphClkInitStruct
                0x20000174       0x30 ./Core/Src/LCD_Driver.o
 .bss.LCD_Currentfonts
                0x200001a4        0x4 ./Core/Src/LCD_Driver.o
 .bss.frameBuffer
                0x200001a8    0x25800 ./Core/Src/LCD_Driver.o
                0x200001a8                frameBuffer
 .bss.SpiHandle
                0x200259a8       0x58 ./Core/Src/ili9341.o
 .bss.Is_LCD_IO_Initialized
                0x20025a00        0x1 ./Core/Src/ili9341.o
 *fill*         0x20025a01        0x3 
 .bss.hi2c3     0x20025a04       0x54 ./Core/Src/main.o
                0x20025a04                hi2c3
 .bss.hltdc     0x20025a58       0xa8 ./Core/Src/main.o
                0x20025a58                hltdc
 .bss.hrng      0x20025b00       0x10 ./Core/Src/main.o
                0x20025b00                hrng
 .bss.hspi5     0x20025b10       0x58 ./Core/Src/main.o
                0x20025b10                hspi5
 .bss.htim2     0x20025b68       0x48 ./Core/Src/main.o
                0x20025b68                htim2
 .bss.hI2C3     0x20025bb0       0x54 ./Core/Src/stmpe811.o
 .bss.HAL_status
                0x20025c04        0x1 ./Core/Src/stmpe811.o
 *fill*         0x20025c05        0x3 
 .bss.__sbrk_heap_end
                0x20025c08        0x4 ./Core/Src/sysmem.o
 .bss.uwTick    0x20025c0c        0x4 ./Drivers/STM32F4xx_HAL_Driver/Src/stm32f4xx_hal.o
                0x20025c0c                uwTick
 .bss.__sf      0x20025c10      0x138 C:/ST/STM32CubeIDE_1.17.0/STM32CubeIDE/plugins/com.st.stm32cube.ide.mcu.externaltools.gnu-tools-for-stm32.12.3.rel1.win32_1.1.0.202410251130/tools/bin/../lib/gcc/arm-none-eabi/12.3.1/../../../../arm-none-eabi/lib/thumb/v7e-m+fp/hard\libc_nano.a(libc_a-findfp.o)
                0x20025c10                __sf
 .bss.__stdio_exit_handler
                0x20025d48        0x4 C:/ST/STM32CubeIDE_1.17.0/STM32CubeIDE/plugins/com.st.stm32cube.ide.mcu.externaltools.gnu-tools-for-stm32.12.3.rel1.win32_1.1.0.202410251130/tools/bin/../lib/gcc/arm-none-eabi/12.3.1/../../../../arm-none-eabi/lib/thumb/v7e-m+fp/hard\libc_nano.a(libc_a-findfp.o)
                0x20025d48                __stdio_exit_handler
 .bss.errno     0x20025d4c        0x4 C:/ST/STM32CubeIDE_1.17.0/STM32CubeIDE/plugins/com.st.stm32cube.ide.mcu.externaltools.gnu-tools-for-stm32.12.3.rel1.win32_1.1.0.202410251130/tools/bin/../lib/gcc/arm-none-eabi/12.3.1/../../../../arm-none-eabi/lib/thumb/v7e-m+fp/hard\libc_nano.a(libc_a-reent.o)
                0x20025d4c                errno
 .bss.__lock___malloc_recursive_mutex
                0x20025d50        0x1 C:/ST/STM32CubeIDE_1.17.0/STM32CubeIDE/plugins/com.st.stm32cube.ide.mcu.externaltools.gnu-tools-for-stm32.12.3.rel1.win32_1.1.0.202410251130/tools/bin/../lib/gcc/arm-none-eabi/12.3.1/../../../../arm-none-eabi/lib/thumb/v7e-m+fp/hard\libc_nano.a(libc_a-lock.o)
                0x20025d50                __lock___malloc_recursive_mutex
 .bss.__lock___sfp_recursive_mutex
                0x20025d51        0x1 C:/ST/STM32CubeIDE_1.17.0/STM32CubeIDE/plugins/com.st.stm32cube.ide.mcu.externaltools.gnu-tools-for-stm32.12.3.rel1.win32_1.1.0.202410251130/tools/bin/../lib/gcc/arm-none-eabi/12.3.1/../../../../arm-none-eabi/lib/thumb/v7e-m+fp/hard\libc_nano.a(libc_a-lock.o)
                0x20025d51                __lock___sfp_recursive_mutex
 *fill*         0x20025d52        0x2 
 .bss.__malloc_sbrk_start
                0x20025d54        0x4 C:/ST/STM32CubeIDE_1.17.0/STM32CubeIDE/plugins/com.st.stm32cube.ide.mcu.externaltools.gnu-tools-for-stm32.12.3.rel1.win32_1.1.0.202410251130/tools/bin/../lib/gcc/arm-none-eabi/12.3.1/../../../../arm-none-eabi/lib/thumb/v7e-m+fp/hard\libc_nano.a(libc_a-mallocr.o)
                0x20025d54                __malloc_sbrk_start
 .bss.__malloc_free_list
                0x20025d58        0x4 C:/ST/STM32CubeIDE_1.17.0/STM32CubeIDE/plugins/com.st.stm32cube.ide.mcu.externaltools.gnu-tools-for-stm32.12.3.rel1.win32_1.1.0.202410251130/tools/bin/../lib/gcc/arm-none-eabi/12.3.1/../../../../arm-none-eabi/lib/thumb/v7e-m+fp/hard\libc_nano.a(libc_a-mallocr.o)
                0x20025d58                __malloc_free_list
 *(COMMON)
                0x20025d5c                        . = ALIGN (0x4)
                0x20025d5c                        _ebss = .
                0x20025d5c                        __bss_end__ = _ebss

._user_heap_stack
                0x20025d5c      0x604
                0x20025d60                        . = ALIGN (0x8)
 *fill*         0x20025d5c        0x4 
                [!provide]                        PROVIDE (end = .)
                0x20025d60                        PROVIDE (_end = .)
                0x20025f60                        . = (. + _Min_Heap_Size)
 *fill*         0x20025d60      0x200 
                0x20026360                        . = (. + _Min_Stack_Size)
 *fill*         0x20025f60      0x400 
                0x20026360                        . = ALIGN (0x8)

/DISCARD/
 libc.a(*)
 libm.a(*)
 libgcc.a(*)

.ARM.attributes
                0x00000000       0x30
 *(.ARM.attributes)
 .ARM.attributes
                0x00000000       0x22 C:/ST/STM32CubeIDE_1.17.0/STM32CubeIDE/plugins/com.st.stm32cube.ide.mcu.externaltools.gnu-tools-for-stm32.12.3.rel1.win32_1.1.0.202410251130/tools/bin/../lib/gcc/arm-none-eabi/12.3.1/thumb/v7e-m+fp/hard/crti.o
 .ARM.attributes
                0x00000022       0x34 C:/ST/STM32CubeIDE_1.17.0/STM32CubeIDE/plugins/com.st.stm32cube.ide.mcu.externaltools.gnu-tools-for-stm32.12.3.rel1.win32_1.1.0.202410251130/tools/bin/../lib/gcc/arm-none-eabi/12.3.1/thumb/v7e-m+fp/hard/crtbegin.o
 .ARM.attributes
                0x00000056       0x34 ./Core/Src/ApplicationCode.o
 .ARM.attributes
                0x0000008a       0x34 ./Core/Src/ButtonDriver.o
 .ARM.attributes
                0x000000be       0x34 ./Core/Src/LCD_Driver.o
 .ARM.attributes
                0x000000f2       0x34 ./Core/Src/fonts.o
 .ARM.attributes
                0x00000126       0x34 ./Core/Src/ili9341.o
 .ARM.attributes
                0x0000015a       0x34 ./Core/Src/main.o
 .ARM.attributes
                0x0000018e       0x34 ./Core/Src/stm32f4xx_hal_msp.o
 .ARM.attributes
                0x000001c2       0x34 ./Core/Src/stm32f4xx_it.o
 .ARM.attributes
                0x000001f6       0x34 ./Core/Src/stmpe811.o
 .ARM.attributes
                0x0000022a       0x34 ./Core/Src/syscalls.o
 .ARM.attributes
                0x0000025e       0x34 ./Core/Src/sysmem.o
 .ARM.attributes
                0x00000292       0x34 ./Core/Src/system_stm32f4xx.o
 .ARM.attributes
                0x000002c6       0x21 ./Core/Startup/startup_stm32f429zitx.o
 .ARM.attributes
                0x000002e7       0x34 ./Drivers/STM32F4xx_HAL_Driver/Src/stm32f4xx_hal.o
 .ARM.attributes
                0x0000031b       0x34 ./Drivers/STM32F4xx_HAL_Driver/Src/stm32f4xx_hal_cortex.o
 .ARM.attributes
                0x0000034f       0x34 ./Drivers/STM32F4xx_HAL_Driver/Src/stm32f4xx_hal_gpio.o
 .ARM.attributes
                0x00000383       0x34 ./Drivers/STM32F4xx_HAL_Driver/Src/stm32f4xx_hal_i2c.o
 .ARM.attributes
                0x000003b7       0x34 ./Drivers/STM32F4xx_HAL_Driver/Src/stm32f4xx_hal_i2c_ex.o
 .ARM.attributes
                0x000003eb       0x34 ./Drivers/STM32F4xx_HAL_Driver/Src/stm32f4xx_hal_ltdc.o
 .ARM.attributes
                0x0000041f       0x34 ./Drivers/STM32F4xx_HAL_Driver/Src/stm32f4xx_hal_rcc.o
 .ARM.attributes
                0x00000453       0x34 ./Drivers/STM32F4xx_HAL_Driver/Src/stm32f4xx_hal_rcc_ex.o
 .ARM.attributes
                0x00000487       0x34 ./Drivers/STM32F4xx_HAL_Driver/Src/stm32f4xx_hal_rng.o
 .ARM.attributes
                0x000004bb       0x34 ./Drivers/STM32F4xx_HAL_Driver/Src/stm32f4xx_hal_spi.o
 .ARM.attributes
                0x000004ef       0x34 ./Drivers/STM32F4xx_HAL_Driver/Src/stm32f4xx_hal_tim.o
 .ARM.attributes
                0x00000523       0x34 ./Drivers/STM32F4xx_HAL_Driver/Src/stm32f4xx_hal_tim_ex.o
 .ARM.attributes
                0x00000557       0x34 C:/ST/STM32CubeIDE_1.17.0/STM32CubeIDE/plugins/com.st.stm32cube.ide.mcu.externaltools.gnu-tools-for-stm32.12.3.rel1.win32_1.1.0.202410251130/tools/bin/../lib/gcc/arm-none-eabi/12.3.1/../../../../arm-none-eabi/lib/thumb/v7e-m+fp/hard\libc_nano.a(libc_a-findfp.o)
 .ARM.attributes
                0x0000058b       0x34 C:/ST/STM32CubeIDE_1.17.0/STM32CubeIDE/plugins/com.st.stm32cube.ide.mcu.externaltools.gnu-tools-for-stm32.12.3.rel1.win32_1.1.0.202410251130/tools/bin/../lib/gcc/arm-none-eabi/12.3.1/../../../../arm-none-eabi/lib/thumb/v7e-m+fp/hard\libc_nano.a(libc_a-fwalk.o)
 .ARM.attributes
                0x000005bf       0x34 C:/ST/STM32CubeIDE_1.17.0/STM32CubeIDE/plugins/com.st.stm32cube.ide.mcu.externaltools.gnu-tools-for-stm32.12.3.rel1.win32_1.1.0.202410251130/tools/bin/../lib/gcc/arm-none-eabi/12.3.1/../../../../arm-none-eabi/lib/thumb/v7e-m+fp/hard\libc_nano.a(libc_a-printf.o)
 .ARM.attributes
                0x000005f3       0x34 C:/ST/STM32CubeIDE_1.17.0/STM32CubeIDE/plugins/com.st.stm32cube.ide.mcu.externaltools.gnu-tools-for-stm32.12.3.rel1.win32_1.1.0.202410251130/tools/bin/../lib/gcc/arm-none-eabi/12.3.1/../../../../arm-none-eabi/lib/thumb/v7e-m+fp/hard\libc_nano.a(libc_a-puts.o)
 .ARM.attributes
                0x00000627       0x34 C:/ST/STM32CubeIDE_1.17.0/STM32CubeIDE/plugins/com.st.stm32cube.ide.mcu.externaltools.gnu-tools-for-stm32.12.3.rel1.win32_1.1.0.202410251130/tools/bin/../lib/gcc/arm-none-eabi/12.3.1/../../../../arm-none-eabi/lib/thumb/v7e-m+fp/hard\libc_nano.a(libc_a-stdio.o)
 .ARM.attributes
                0x0000065b       0x34 C:/ST/STM32CubeIDE_1.17.0/STM32CubeIDE/plugins/com.st.stm32cube.ide.mcu.externaltools.gnu-tools-for-stm32.12.3.rel1.win32_1.1.0.202410251130/tools/bin/../lib/gcc/arm-none-eabi/12.3.1/../../../../arm-none-eabi/lib/thumb/v7e-m+fp/hard\libc_nano.a(libc_a-wbuf.o)
 .ARM.attributes
                0x0000068f       0x34 C:/ST/STM32CubeIDE_1.17.0/STM32CubeIDE/plugins/com.st.stm32cube.ide.mcu.externaltools.gnu-tools-for-stm32.12.3.rel1.win32_1.1.0.202410251130/tools/bin/../lib/gcc/arm-none-eabi/12.3.1/../../../../arm-none-eabi/lib/thumb/v7e-m+fp/hard\libc_nano.a(libc_a-wsetup.o)
 .ARM.attributes
                0x000006c3       0x34 C:/ST/STM32CubeIDE_1.17.0/STM32CubeIDE/plugins/com.st.stm32cube.ide.mcu.externaltools.gnu-tools-for-stm32.12.3.rel1.win32_1.1.0.202410251130/tools/bin/../lib/gcc/arm-none-eabi/12.3.1/../../../../arm-none-eabi/lib/thumb/v7e-m+fp/hard\libc_nano.a(libc_a-memset.o)
 .ARM.attributes
                0x000006f7       0x34 C:/ST/STM32CubeIDE_1.17.0/STM32CubeIDE/plugins/com.st.stm32cube.ide.mcu.externaltools.gnu-tools-for-stm32.12.3.rel1.win32_1.1.0.202410251130/tools/bin/../lib/gcc/arm-none-eabi/12.3.1/../../../../arm-none-eabi/lib/thumb/v7e-m+fp/hard\libc_nano.a(libc_a-closer.o)
 .ARM.attributes
                0x0000072b       0x34 C:/ST/STM32CubeIDE_1.17.0/STM32CubeIDE/plugins/com.st.stm32cube.ide.mcu.externaltools.gnu-tools-for-stm32.12.3.rel1.win32_1.1.0.202410251130/tools/bin/../lib/gcc/arm-none-eabi/12.3.1/../../../../arm-none-eabi/lib/thumb/v7e-m+fp/hard\libc_nano.a(libc_a-reent.o)
 .ARM.attributes
                0x0000075f       0x34 C:/ST/STM32CubeIDE_1.17.0/STM32CubeIDE/plugins/com.st.stm32cube.ide.mcu.externaltools.gnu-tools-for-stm32.12.3.rel1.win32_1.1.0.202410251130/tools/bin/../lib/gcc/arm-none-eabi/12.3.1/../../../../arm-none-eabi/lib/thumb/v7e-m+fp/hard\libc_nano.a(libc_a-impure.o)
 .ARM.attributes
                0x00000793       0x34 C:/ST/STM32CubeIDE_1.17.0/STM32CubeIDE/plugins/com.st.stm32cube.ide.mcu.externaltools.gnu-tools-for-stm32.12.3.rel1.win32_1.1.0.202410251130/tools/bin/../lib/gcc/arm-none-eabi/12.3.1/../../../../arm-none-eabi/lib/thumb/v7e-m+fp/hard\libc_nano.a(libc_a-lseekr.o)
 .ARM.attributes
                0x000007c7       0x34 C:/ST/STM32CubeIDE_1.17.0/STM32CubeIDE/plugins/com.st.stm32cube.ide.mcu.externaltools.gnu-tools-for-stm32.12.3.rel1.win32_1.1.0.202410251130/tools/bin/../lib/gcc/arm-none-eabi/12.3.1/../../../../arm-none-eabi/lib/thumb/v7e-m+fp/hard\libc_nano.a(libc_a-readr.o)
 .ARM.attributes
                0x000007fb       0x34 C:/ST/STM32CubeIDE_1.17.0/STM32CubeIDE/plugins/com.st.stm32cube.ide.mcu.externaltools.gnu-tools-for-stm32.12.3.rel1.win32_1.1.0.202410251130/tools/bin/../lib/gcc/arm-none-eabi/12.3.1/../../../../arm-none-eabi/lib/thumb/v7e-m+fp/hard\libc_nano.a(libc_a-writer.o)
 .ARM.attributes
                0x0000082f       0x34 C:/ST/STM32CubeIDE_1.17.0/STM32CubeIDE/plugins/com.st.stm32cube.ide.mcu.externaltools.gnu-tools-for-stm32.12.3.rel1.win32_1.1.0.202410251130/tools/bin/../lib/gcc/arm-none-eabi/12.3.1/../../../../arm-none-eabi/lib/thumb/v7e-m+fp/hard\libc_nano.a(libc_a-errno.o)
 .ARM.attributes
                0x00000863       0x34 C:/ST/STM32CubeIDE_1.17.0/STM32CubeIDE/plugins/com.st.stm32cube.ide.mcu.externaltools.gnu-tools-for-stm32.12.3.rel1.win32_1.1.0.202410251130/tools/bin/../lib/gcc/arm-none-eabi/12.3.1/../../../../arm-none-eabi/lib/thumb/v7e-m+fp/hard\libc_nano.a(libc_a-init.o)
 .ARM.attributes
                0x00000897       0x34 C:/ST/STM32CubeIDE_1.17.0/STM32CubeIDE/plugins/com.st.stm32cube.ide.mcu.externaltools.gnu-tools-for-stm32.12.3.rel1.win32_1.1.0.202410251130/tools/bin/../lib/gcc/arm-none-eabi/12.3.1/../../../../arm-none-eabi/lib/thumb/v7e-m+fp/hard\libc_nano.a(libc_a-lock.o)
 .ARM.attributes
                0x000008cb       0x34 C:/ST/STM32CubeIDE_1.17.0/STM32CubeIDE/plugins/com.st.stm32cube.ide.mcu.externaltools.gnu-tools-for-stm32.12.3.rel1.win32_1.1.0.202410251130/tools/bin/../lib/gcc/arm-none-eabi/12.3.1/../../../../arm-none-eabi/lib/thumb/v7e-m+fp/hard\libc_nano.a(libc_a-freer.o)
 .ARM.attributes
                0x000008ff       0x34 C:/ST/STM32CubeIDE_1.17.0/STM32CubeIDE/plugins/com.st.stm32cube.ide.mcu.externaltools.gnu-tools-for-stm32.12.3.rel1.win32_1.1.0.202410251130/tools/bin/../lib/gcc/arm-none-eabi/12.3.1/../../../../arm-none-eabi/lib/thumb/v7e-m+fp/hard\libc_nano.a(libc_a-mallocr.o)
 .ARM.attributes
                0x00000933       0x34 C:/ST/STM32CubeIDE_1.17.0/STM32CubeIDE/plugins/com.st.stm32cube.ide.mcu.externaltools.gnu-tools-for-stm32.12.3.rel1.win32_1.1.0.202410251130/tools/bin/../lib/gcc/arm-none-eabi/12.3.1/../../../../arm-none-eabi/lib/thumb/v7e-m+fp/hard\libc_nano.a(libc_a-mlock.o)
 .ARM.attributes
                0x00000967       0x34 C:/ST/STM32CubeIDE_1.17.0/STM32CubeIDE/plugins/com.st.stm32cube.ide.mcu.externaltools.gnu-tools-for-stm32.12.3.rel1.win32_1.1.0.202410251130/tools/bin/../lib/gcc/arm-none-eabi/12.3.1/../../../../arm-none-eabi/lib/thumb/v7e-m+fp/hard\libc_nano.a(libc_a-nano-vfprintf.o)
 .ARM.attributes
                0x0000099b       0x34 C:/ST/STM32CubeIDE_1.17.0/STM32CubeIDE/plugins/com.st.stm32cube.ide.mcu.externaltools.gnu-tools-for-stm32.12.3.rel1.win32_1.1.0.202410251130/tools/bin/../lib/gcc/arm-none-eabi/12.3.1/../../../../arm-none-eabi/lib/thumb/v7e-m+fp/hard\libc_nano.a(libc_a-nano-vfprintf_i.o)
 .ARM.attributes
                0x000009cf       0x34 C:/ST/STM32CubeIDE_1.17.0/STM32CubeIDE/plugins/com.st.stm32cube.ide.mcu.externaltools.gnu-tools-for-stm32.12.3.rel1.win32_1.1.0.202410251130/tools/bin/../lib/gcc/arm-none-eabi/12.3.1/../../../../arm-none-eabi/lib/thumb/v7e-m+fp/hard\libc_nano.a(libc_a-fflush.o)
 .ARM.attributes
                0x00000a03       0x34 C:/ST/STM32CubeIDE_1.17.0/STM32CubeIDE/plugins/com.st.stm32cube.ide.mcu.externaltools.gnu-tools-for-stm32.12.3.rel1.win32_1.1.0.202410251130/tools/bin/../lib/gcc/arm-none-eabi/12.3.1/../../../../arm-none-eabi/lib/thumb/v7e-m+fp/hard\libc_nano.a(libc_a-makebuf.o)
 .ARM.attributes
                0x00000a37       0x34 C:/ST/STM32CubeIDE_1.17.0/STM32CubeIDE/plugins/com.st.stm32cube.ide.mcu.externaltools.gnu-tools-for-stm32.12.3.rel1.win32_1.1.0.202410251130/tools/bin/../lib/gcc/arm-none-eabi/12.3.1/../../../../arm-none-eabi/lib/thumb/v7e-m+fp/hard\libc_nano.a(libc_a-fstatr.o)
 .ARM.attributes
                0x00000a6b       0x34 C:/ST/STM32CubeIDE_1.17.0/STM32CubeIDE/plugins/com.st.stm32cube.ide.mcu.externaltools.gnu-tools-for-stm32.12.3.rel1.win32_1.1.0.202410251130/tools/bin/../lib/gcc/arm-none-eabi/12.3.1/../../../../arm-none-eabi/lib/thumb/v7e-m+fp/hard\libc_nano.a(libc_a-isattyr.o)
 .ARM.attributes
                0x00000a9f       0x34 C:/ST/STM32CubeIDE_1.17.0/STM32CubeIDE/plugins/com.st.stm32cube.ide.mcu.externaltools.gnu-tools-for-stm32.12.3.rel1.win32_1.1.0.202410251130/tools/bin/../lib/gcc/arm-none-eabi/12.3.1/../../../../arm-none-eabi/lib/thumb/v7e-m+fp/hard\libc_nano.a(libc_a-sbrkr.o)
 .ARM.attributes
                0x00000ad3       0x1c C:/ST/STM32CubeIDE_1.17.0/STM32CubeIDE/plugins/com.st.stm32cube.ide.mcu.externaltools.gnu-tools-for-stm32.12.3.rel1.win32_1.1.0.202410251130/tools/bin/../lib/gcc/arm-none-eabi/12.3.1/../../../../arm-none-eabi/lib/thumb/v7e-m+fp/hard\libc_nano.a(libc_a-memchr.o)
 .ARM.attributes
                0x00000aef       0x22 C:/ST/STM32CubeIDE_1.17.0/STM32CubeIDE/plugins/com.st.stm32cube.ide.mcu.externaltools.gnu-tools-for-stm32.12.3.rel1.win32_1.1.0.202410251130/tools/bin/../lib/gcc/arm-none-eabi/12.3.1/thumb/v7e-m+fp/hard\libgcc.a(_aeabi_uldivmod.o)
 .ARM.attributes
                0x00000b11       0x34 C:/ST/STM32CubeIDE_1.17.0/STM32CubeIDE/plugins/com.st.stm32cube.ide.mcu.externaltools.gnu-tools-for-stm32.12.3.rel1.win32_1.1.0.202410251130/tools/bin/../lib/gcc/arm-none-eabi/12.3.1/thumb/v7e-m+fp/hard\libgcc.a(_udivmoddi4.o)
 .ARM.attributes
                0x00000b45       0x22 C:/ST/STM32CubeIDE_1.17.0/STM32CubeIDE/plugins/com.st.stm32cube.ide.mcu.externaltools.gnu-tools-for-stm32.12.3.rel1.win32_1.1.0.202410251130/tools/bin/../lib/gcc/arm-none-eabi/12.3.1/thumb/v7e-m+fp/hard\libgcc.a(_dvmd_tls.o)
 .ARM.attributes
                0x00000b67       0x22 C:/ST/STM32CubeIDE_1.17.0/STM32CubeIDE/plugins/com.st.stm32cube.ide.mcu.externaltools.gnu-tools-for-stm32.12.3.rel1.win32_1.1.0.202410251130/tools/bin/../lib/gcc/arm-none-eabi/12.3.1/thumb/v7e-m+fp/hard/crtn.o
OUTPUT(EEdwardsFinalProject.elf elf32-littlearm)
LOAD linker stubs
LOAD C:/ST/STM32CubeIDE_1.17.0/STM32CubeIDE/plugins/com.st.stm32cube.ide.mcu.externaltools.gnu-tools-for-stm32.12.3.rel1.win32_1.1.0.202410251130/tools/bin/../lib/gcc/arm-none-eabi/12.3.1/../../../../arm-none-eabi/lib/thumb/v7e-m+fp/hard\libc.a
LOAD C:/ST/STM32CubeIDE_1.17.0/STM32CubeIDE/plugins/com.st.stm32cube.ide.mcu.externaltools.gnu-tools-for-stm32.12.3.rel1.win32_1.1.0.202410251130/tools/bin/../lib/gcc/arm-none-eabi/12.3.1/../../../../arm-none-eabi/lib/thumb/v7e-m+fp/hard\libm.a
LOAD C:/ST/STM32CubeIDE_1.17.0/STM32CubeIDE/plugins/com.st.stm32cube.ide.mcu.externaltools.gnu-tools-for-stm32.12.3.rel1.win32_1.1.0.202410251130/tools/bin/../lib/gcc/arm-none-eabi/12.3.1/thumb/v7e-m+fp/hard\libgcc.a

.debug_info     0x00000000    0x1373d
 .debug_info    0x00000000      0x4fa ./Core/Src/ApplicationCode.o
 .debug_info    0x000004fa      0x6c8 ./Core/Src/ButtonDriver.o
 .debug_info    0x00000bc2     0x101e ./Core/Src/LCD_Driver.o
 .debug_info    0x00001be0      0x145 ./Core/Src/fonts.o
 .debug_info    0x00001d25      0xc85 ./Core/Src/ili9341.o
 .debug_info    0x000029aa     0x193d ./Core/Src/main.o
 .debug_info    0x000042e7     0x17b6 ./Core/Src/stm32f4xx_hal_msp.o
 .debug_info    0x00005a9d      0x112 ./Core/Src/stm32f4xx_it.o
 .debug_info    0x00005baf      0xdd6 ./Core/Src/stmpe811.o
 .debug_info    0x00006985      0x6a3 ./Core/Src/syscalls.o
 .debug_info    0x00007028      0x168 ./Core/Src/sysmem.o
 .debug_info    0x00007190      0x52e ./Core/Src/system_stm32f4xx.o
 .debug_info    0x000076be       0x30 ./Core/Startup/startup_stm32f429zitx.o
 .debug_info    0x000076ee      0x9ba ./Drivers/STM32F4xx_HAL_Driver/Src/stm32f4xx_hal.o
 .debug_info    0x000080a8      0xdc2 ./Drivers/STM32F4xx_HAL_Driver/Src/stm32f4xx_hal_cortex.o
 .debug_info    0x00008e6a      0x6db ./Drivers/STM32F4xx_HAL_Driver/Src/stm32f4xx_hal_gpio.o
 .debug_info    0x00009545     0x2421 ./Drivers/STM32F4xx_HAL_Driver/Src/stm32f4xx_hal_i2c.o
 .debug_info    0x0000b966      0x672 ./Drivers/STM32F4xx_HAL_Driver/Src/stm32f4xx_hal_i2c_ex.o
 .debug_info    0x0000bfd8     0x1022 ./Drivers/STM32F4xx_HAL_Driver/Src/stm32f4xx_hal_ltdc.o
 .debug_info    0x0000cffa      0x8c7 ./Drivers/STM32F4xx_HAL_Driver/Src/stm32f4xx_hal_rcc.o
 .debug_info    0x0000d8c1      0x64c ./Drivers/STM32F4xx_HAL_Driver/Src/stm32f4xx_hal_rcc_ex.o
 .debug_info    0x0000df0d      0x493 ./Drivers/STM32F4xx_HAL_Driver/Src/stm32f4xx_hal_rng.o
 .debug_info    0x0000e3a0     0x1525 ./Drivers/STM32F4xx_HAL_Driver/Src/stm32f4xx_hal_spi.o
 .debug_info    0x0000f8c5     0x299d ./Drivers/STM32F4xx_HAL_Driver/Src/stm32f4xx_hal_tim.o
 .debug_info    0x00012262     0x14db ./Drivers/STM32F4xx_HAL_Driver/Src/stm32f4xx_hal_tim_ex.o

.debug_abbrev   0x00000000     0x3122
 .debug_abbrev  0x00000000      0x1ff ./Core/Src/ApplicationCode.o
 .debug_abbrev  0x000001ff      0x161 ./Core/Src/ButtonDriver.o
 .debug_abbrev  0x00000360      0x32a ./Core/Src/LCD_Driver.o
 .debug_abbrev  0x0000068a       0xc6 ./Core/Src/fonts.o
 .debug_abbrev  0x00000750      0x2c9 ./Core/Src/ili9341.o
 .debug_abbrev  0x00000a19      0x2e5 ./Core/Src/main.o
 .debug_abbrev  0x00000cfe      0x25c ./Core/Src/stm32f4xx_hal_msp.o
 .debug_abbrev  0x00000f5a       0x73 ./Core/Src/stm32f4xx_it.o
 .debug_abbrev  0x00000fcd      0x2c9 ./Core/Src/stmpe811.o
 .debug_abbrev  0x00001296      0x1b6 ./Core/Src/syscalls.o
 .debug_abbrev  0x0000144c       0xbc ./Core/Src/sysmem.o
 .debug_abbrev  0x00001508      0x11a ./Core/Src/system_stm32f4xx.o
 .debug_abbrev  0x00001622       0x24 ./Core/Startup/startup_stm32f429zitx.o
 .debug_abbrev  0x00001646      0x214 ./Drivers/STM32F4xx_HAL_Driver/Src/stm32f4xx_hal.o
 .debug_abbrev  0x0000185a      0x31d ./Drivers/STM32F4xx_HAL_Driver/Src/stm32f4xx_hal_cortex.o
 .debug_abbrev  0x00001b77      0x1d4 ./Drivers/STM32F4xx_HAL_Driver/Src/stm32f4xx_hal_gpio.o
 .debug_abbrev  0x00001d4b      0x2ad ./Drivers/STM32F4xx_HAL_Driver/Src/stm32f4xx_hal_i2c.o
 .debug_abbrev  0x00001ff8      0x157 ./Drivers/STM32F4xx_HAL_Driver/Src/stm32f4xx_hal_i2c_ex.o
 .debug_abbrev  0x0000214f      0x233 ./Drivers/STM32F4xx_HAL_Driver/Src/stm32f4xx_hal_ltdc.o
 .debug_abbrev  0x00002382      0x2b7 ./Drivers/STM32F4xx_HAL_Driver/Src/stm32f4xx_hal_rcc.o
 .debug_abbrev  0x00002639      0x1b0 ./Drivers/STM32F4xx_HAL_Driver/Src/stm32f4xx_hal_rcc_ex.o
 .debug_abbrev  0x000027e9      0x1c4 ./Drivers/STM32F4xx_HAL_Driver/Src/stm32f4xx_hal_rng.o
 .debug_abbrev  0x000029ad      0x27a ./Drivers/STM32F4xx_HAL_Driver/Src/stm32f4xx_hal_spi.o
 .debug_abbrev  0x00002c27      0x278 ./Drivers/STM32F4xx_HAL_Driver/Src/stm32f4xx_hal_tim.o
 .debug_abbrev  0x00002e9f      0x283 ./Drivers/STM32F4xx_HAL_Driver/Src/stm32f4xx_hal_tim_ex.o

.debug_aranges  0x00000000     0x13d8
 .debug_aranges
                0x00000000       0x60 ./Core/Src/ApplicationCode.o
 .debug_aranges
                0x00000060       0x20 ./Core/Src/ButtonDriver.o
 .debug_aranges
                0x00000080       0xb8 ./Core/Src/LCD_Driver.o
 .debug_aranges
                0x00000138       0x18 ./Core/Src/fonts.o
 .debug_aranges
                0x00000150       0x98 ./Core/Src/ili9341.o
 .debug_aranges
                0x000001e8       0x60 ./Core/Src/main.o
 .debug_aranges
                0x00000248       0x70 ./Core/Src/stm32f4xx_hal_msp.o
 .debug_aranges
                0x000002b8       0x60 ./Core/Src/stm32f4xx_it.o
 .debug_aranges
                0x00000318       0x88 ./Core/Src/stmpe811.o
 .debug_aranges
                0x000003a0       0xa8 ./Core/Src/syscalls.o
 .debug_aranges
                0x00000448       0x20 ./Core/Src/sysmem.o
 .debug_aranges
                0x00000468       0x28 ./Core/Src/system_stm32f4xx.o
 .debug_aranges
                0x00000490       0x28 ./Core/Startup/startup_stm32f429zitx.o
 .debug_aranges
                0x000004b8      0x100 ./Drivers/STM32F4xx_HAL_Driver/Src/stm32f4xx_hal.o
 .debug_aranges
                0x000005b8      0x130 ./Drivers/STM32F4xx_HAL_Driver/Src/stm32f4xx_hal_cortex.o
 .debug_aranges
                0x000006e8       0x58 ./Drivers/STM32F4xx_HAL_Driver/Src/stm32f4xx_hal_gpio.o
 .debug_aranges
                0x00000740      0x2a8 ./Drivers/STM32F4xx_HAL_Driver/Src/stm32f4xx_hal_i2c.o
 .debug_aranges
                0x000009e8       0x28 ./Drivers/STM32F4xx_HAL_Driver/Src/stm32f4xx_hal_i2c_ex.o
 .debug_aranges
                0x00000a10      0x158 ./Drivers/STM32F4xx_HAL_Driver/Src/stm32f4xx_hal_ltdc.o
 .debug_aranges
                0x00000b68       0x88 ./Drivers/STM32F4xx_HAL_Driver/Src/stm32f4xx_hal_rcc.o
 .debug_aranges
                0x00000bf0       0x58 ./Drivers/STM32F4xx_HAL_Driver/Src/stm32f4xx_hal_rcc_ex.o
 .debug_aranges
                0x00000c48       0x88 ./Drivers/STM32F4xx_HAL_Driver/Src/stm32f4xx_hal_rng.o
 .debug_aranges
                0x00000cd0      0x1d0 ./Drivers/STM32F4xx_HAL_Driver/Src/stm32f4xx_hal_spi.o
 .debug_aranges
                0x00000ea0      0x3d0 ./Drivers/STM32F4xx_HAL_Driver/Src/stm32f4xx_hal_tim.o
 .debug_aranges
                0x00001270      0x168 ./Drivers/STM32F4xx_HAL_Driver/Src/stm32f4xx_hal_tim_ex.o

.debug_rnglists
                0x00000000      0xf5b
 .debug_rnglists
                0x00000000       0x57 ./Core/Src/ApplicationCode.o
 .debug_rnglists
                0x00000057       0x13 ./Core/Src/ButtonDriver.o
 .debug_rnglists
                0x0000006a       0x8b ./Core/Src/LCD_Driver.o
 .debug_rnglists
                0x000000f5       0x6f ./Core/Src/ili9341.o
 .debug_rnglists
                0x00000164       0x48 ./Core/Src/main.o
 .debug_rnglists
                0x000001ac       0x53 ./Core/Src/stm32f4xx_hal_msp.o
 .debug_rnglists
                0x000001ff       0x43 ./Core/Src/stm32f4xx_it.o
 .debug_rnglists
                0x00000242       0x67 ./Core/Src/stmpe811.o
 .debug_rnglists
                0x000002a9       0x79 ./Core/Src/syscalls.o
 .debug_rnglists
                0x00000322       0x13 ./Core/Src/sysmem.o
 .debug_rnglists
                0x00000335       0x1a ./Core/Src/system_stm32f4xx.o
 .debug_rnglists
                0x0000034f       0x19 ./Core/Startup/startup_stm32f429zitx.o
 .debug_rnglists
                0x00000368       0xbb ./Drivers/STM32F4xx_HAL_Driver/Src/stm32f4xx_hal.o
 .debug_rnglists
                0x00000423       0xe0 ./Drivers/STM32F4xx_HAL_Driver/Src/stm32f4xx_hal_cortex.o
 .debug_rnglists
                0x00000503       0x3f ./Drivers/STM32F4xx_HAL_Driver/Src/stm32f4xx_hal_gpio.o
 .debug_rnglists
                0x00000542      0x23c ./Drivers/STM32F4xx_HAL_Driver/Src/stm32f4xx_hal_i2c.o
 .debug_rnglists
                0x0000077e       0x19 ./Drivers/STM32F4xx_HAL_Driver/Src/stm32f4xx_hal_i2c_ex.o
 .debug_rnglists
                0x00000797      0x10a ./Drivers/STM32F4xx_HAL_Driver/Src/stm32f4xx_hal_ltdc.o
 .debug_rnglists
                0x000008a1       0x66 ./Drivers/STM32F4xx_HAL_Driver/Src/stm32f4xx_hal_rcc.o
 .debug_rnglists
                0x00000907       0x43 ./Drivers/STM32F4xx_HAL_Driver/Src/stm32f4xx_hal_rcc_ex.o
 .debug_rnglists
                0x0000094a       0x63 ./Drivers/STM32F4xx_HAL_Driver/Src/stm32f4xx_hal_rng.o
 .debug_rnglists
                0x000009ad      0x16f ./Drivers/STM32F4xx_HAL_Driver/Src/stm32f4xx_hal_spi.o
 .debug_rnglists
                0x00000b1c      0x31a ./Drivers/STM32F4xx_HAL_Driver/Src/stm32f4xx_hal_tim.o
 .debug_rnglists
                0x00000e36      0x125 ./Drivers/STM32F4xx_HAL_Driver/Src/stm32f4xx_hal_tim_ex.o

.debug_macro    0x00000000    0x270ee
 .debug_macro   0x00000000      0x32f ./Core/Src/ApplicationCode.o
 .debug_macro   0x0000032f      0xab4 ./Core/Src/ApplicationCode.o
 .debug_macro   0x00000de3      0x2ad ./Core/Src/ApplicationCode.o
 .debug_macro   0x00001090       0x2e ./Core/Src/ApplicationCode.o
 .debug_macro   0x000010be       0x28 ./Core/Src/ApplicationCode.o
 .debug_macro   0x000010e6       0x22 ./Core/Src/ApplicationCode.o
 .debug_macro   0x00001108       0x8e ./Core/Src/ApplicationCode.o
 .debug_macro   0x00001196       0x51 ./Core/Src/ApplicationCode.o
 .debug_macro   0x000011e7      0x103 ./Core/Src/ApplicationCode.o
 .debug_macro   0x000012ea       0x6a ./Core/Src/ApplicationCode.o
 .debug_macro   0x00001354      0x1df ./Core/Src/ApplicationCode.o
 .debug_macro   0x00001533       0x1c ./Core/Src/ApplicationCode.o
 .debug_macro   0x0000154f       0x22 ./Core/Src/ApplicationCode.o
 .debug_macro   0x00001571       0xfb ./Core/Src/ApplicationCode.o
 .debug_macro   0x0000166c     0x1011 ./Core/Src/ApplicationCode.o
 .debug_macro   0x0000267d      0x11f ./Core/Src/ApplicationCode.o
 .debug_macro   0x0000279c    0x17fd8 ./Core/Src/ApplicationCode.o
 .debug_macro   0x0001a774       0x6d ./Core/Src/ApplicationCode.o
 .debug_macro   0x0001a7e1     0x3711 ./Core/Src/ApplicationCode.o
 .debug_macro   0x0001def2      0x189 ./Core/Src/ApplicationCode.o
 .debug_macro   0x0001e07b       0x5c ./Core/Src/ApplicationCode.o
 .debug_macro   0x0001e0d7      0xcba ./Core/Src/ApplicationCode.o
 .debug_macro   0x0001ed91      0x9e9 ./Core/Src/ApplicationCode.o
 .debug_macro   0x0001f77a      0x115 ./Core/Src/ApplicationCode.o
 .debug_macro   0x0001f88f      0x156 ./Core/Src/ApplicationCode.o
 .debug_macro   0x0001f9e5       0xa5 ./Core/Src/ApplicationCode.o
 .debug_macro   0x0001fa8a      0x182 ./Core/Src/ApplicationCode.o
 .debug_macro   0x0001fc0c      0x287 ./Core/Src/ApplicationCode.o
 .debug_macro   0x0001fe93       0x5f ./Core/Src/ApplicationCode.o
 .debug_macro   0x0001fef2      0x236 ./Core/Src/ApplicationCode.o
 .debug_macro   0x00020128      0x132 ./Core/Src/ApplicationCode.o
 .debug_macro   0x0002025a      0x41d ./Core/Src/ApplicationCode.o
 .debug_macro   0x00020677       0x2e ./Core/Src/ApplicationCode.o
 .debug_macro   0x000206a5      0x1b5 ./Core/Src/ApplicationCode.o
 .debug_macro   0x0002085a       0x22 ./Core/Src/ApplicationCode.o
 .debug_macro   0x0002087c       0xd6 ./Core/Src/ApplicationCode.o
 .debug_macro   0x00020952      0x198 ./Core/Src/ApplicationCode.o
 .debug_macro   0x00020aea       0xd6 ./Core/Src/ApplicationCode.o
 .debug_macro   0x00020bc0      0x127 ./Core/Src/ApplicationCode.o
 .debug_macro   0x00020ce7       0xe2 ./Core/Src/ApplicationCode.o
 .debug_macro   0x00020dc9       0x89 ./Core/Src/ApplicationCode.o
 .debug_macro   0x00020e52       0xa4 ./Core/Src/ApplicationCode.o
 .debug_macro   0x00020ef6      0x225 ./Core/Src/ApplicationCode.o
 .debug_macro   0x0002111b      0x8ed ./Core/Src/ApplicationCode.o
 .debug_macro   0x00021a08       0x4d ./Core/Src/ApplicationCode.o
 .debug_macro   0x00021a55      0x134 ./Core/Src/ApplicationCode.o
 .debug_macro   0x00021b89      0x332 ./Core/Src/ApplicationCode.o
 .debug_macro   0x00021ebb       0x22 ./Core/Src/ApplicationCode.o
 .debug_macro   0x00021edd      0x173 ./Core/Src/ApplicationCode.o
 .debug_macro   0x00022050       0x88 ./Core/Src/ApplicationCode.o
 .debug_macro   0x000220d8       0xf4 ./Core/Src/ApplicationCode.o
 .debug_macro   0x000221cc       0x61 ./Core/Src/ApplicationCode.o
 .debug_macro   0x0002222d       0x2a ./Core/Src/ApplicationCode.o
 .debug_macro   0x00022257       0x43 ./Core/Src/ApplicationCode.o
 .debug_macro   0x0002229a       0x34 ./Core/Src/ApplicationCode.o
 .debug_macro   0x000222ce       0x16 ./Core/Src/ApplicationCode.o
 .debug_macro   0x000222e4       0x35 ./Core/Src/ApplicationCode.o
 .debug_macro   0x00022319      0x369 ./Core/Src/ApplicationCode.o
 .debug_macro   0x00022682       0x10 ./Core/Src/ApplicationCode.o
 .debug_macro   0x00022692       0x16 ./Core/Src/ApplicationCode.o
 .debug_macro   0x000226a8       0x43 ./Core/Src/ApplicationCode.o
 .debug_macro   0x000226eb       0x34 ./Core/Src/ApplicationCode.o
 .debug_macro   0x0002271f       0x10 ./Core/Src/ApplicationCode.o
 .debug_macro   0x0002272f       0x58 ./Core/Src/ApplicationCode.o
 .debug_macro   0x00022787       0x8e ./Core/Src/ApplicationCode.o
 .debug_macro   0x00022815       0x1c ./Core/Src/ApplicationCode.o
 .debug_macro   0x00022831      0x177 ./Core/Src/ApplicationCode.o
 .debug_macro   0x000229a8       0x16 ./Core/Src/ApplicationCode.o
 .debug_macro   0x000229be       0x16 ./Core/Src/ApplicationCode.o
 .debug_macro   0x000229d4      0x146 ./Core/Src/ApplicationCode.o
 .debug_macro   0x00022b1a       0xdc ./Core/Src/ApplicationCode.o
 .debug_macro   0x00022bf6      0x223 ./Core/Src/ButtonDriver.o
 .debug_macro   0x00022e19       0xee ./Core/Src/ButtonDriver.o
 .debug_macro   0x00022f07      0x245 ./Core/Src/LCD_Driver.o
 .debug_macro   0x0002314c       0x6d ./Core/Src/fonts.o
 .debug_macro   0x000231b9      0x21a ./Core/Src/ili9341.o
 .debug_macro   0x000233d3      0x32c ./Core/Src/ili9341.o
 .debug_macro   0x000236ff      0x33e ./Core/Src/main.o
 .debug_macro   0x00023a3d      0x4c8 ./Core/Src/main.o
 .debug_macro   0x00023f05      0x21a ./Core/Src/stm32f4xx_hal_msp.o
 .debug_macro   0x0002411f      0x224 ./Core/Src/stm32f4xx_it.o
 .debug_macro   0x00024343      0x235 ./Core/Src/stmpe811.o
 .debug_macro   0x00024578      0x274 ./Core/Src/syscalls.o
 .debug_macro   0x000247ec       0x5b ./Core/Src/syscalls.o
 .debug_macro   0x00024847       0x94 ./Core/Src/syscalls.o
 .debug_macro   0x000248db       0x57 ./Core/Src/syscalls.o
 .debug_macro   0x00024932       0x10 ./Core/Src/syscalls.o
 .debug_macro   0x00024942       0x10 ./Core/Src/syscalls.o
 .debug_macro   0x00024952       0x10 ./Core/Src/syscalls.o
 .debug_macro   0x00024962       0x10 ./Core/Src/syscalls.o
 .debug_macro   0x00024972       0x1c ./Core/Src/syscalls.o
 .debug_macro   0x0002498e       0x52 ./Core/Src/syscalls.o