../Core/Src/ApplicationCode.c:33:6:ApplicationInit	8	static
../Core/Src/ApplicationCode.c:52:13:MX_RNG_Init	8	static
../Core/Src/ApplicationCode.c:63:6:LCD_Visual_Demo	8	static
../Core/Src/ApplicationCode.c:69:6:LCD_Touch_Polling_Demo	8	static
../Core/Src/ApplicationCode.c:115:6:LCD_Gameplay	8	static
../Core/Src/ApplicationCode.c:185:6:RNG_PlayerTurn	16	static
../Core/Src/ApplicationCode.c:193:6:RNG_PiecePlacement	24	static
../Core/Src/ApplicationCode.c:234:6:PLAYER_PiecePlacement	16	static
../Core/Src/ApplicationCode.c:274:6:GAME_MatrixHandling	24	static
../Core/Src/ApplicationCode.c:323:6:PIECE_PlayerColor	16	static
../Core/Src/ApplicationCode.c:374:6:LCD_PieceMovement	8	static
../Core/Src/ApplicationCode.c:430:6:appDelay	40	static
../Core/Src/ApplicationCode.c:446:6:EXTI0_IRQHandler	8	static
