../Core/Src/GyroDriver.c:13:6:GyroInit	56	static
../Core/Src/GyroDriver.c:50:6:GyroID	16	static
../Core/Src/GyroDriver.c:57:6:GyroPower	8	static
../Core/Src/GyroDriver.c:62:6:GyroTempGet	16	static
../Core/Src/GyroDriver.c:70:6:GyroRegConfig	8	static
../Core/Src/GyroDriver.c:76:9:GyroRegRead	32	static
../Core/Src/GyroDriver.c:91:6:GyroRegWrite	24	static
../Core/Src/GyroDriver.c:104:6:GyroHalVerify	8	static
../Core/Src/GyroDriver.c:109:6:GyroCommEnable	8	static
../Core/Src/GyroDriver.c:114:6:GyroCommDisable	8	static
